Archive member included to satisfy reference by file (symbol)

C:/ST/STM32CubeIDE_1.18.1/STM32CubeIDE/plugins/com.st.stm32cube.ide.mcu.externaltools.gnu-tools-for-stm32.13.3.rel1.win32_1.0.0.202411081344/tools/bin/../lib/gcc/arm-none-eabi/13.3.1/../../../../arm-none-eabi/lib/thumb/v7e-m+fp/hard\libc_nano.a(libc_a-exit.o)
                              C:/ST/STM32CubeIDE_1.18.1/STM32CubeIDE/plugins/com.st.stm32cube.ide.mcu.externaltools.gnu-tools-for-stm32.13.3.rel1.win32_1.0.0.202411081344/tools/bin/../lib/gcc/arm-none-eabi/13.3.1/../../../../arm-none-eabi/lib/thumb/v7e-m+fp/hard/crt0.o (exit)
C:/ST/STM32CubeIDE_1.18.1/STM32CubeIDE/plugins/com.st.stm32cube.ide.mcu.externaltools.gnu-tools-for-stm32.13.3.rel1.win32_1.0.0.202411081344/tools/bin/../lib/gcc/arm-none-eabi/13.3.1/../../../../arm-none-eabi/lib/thumb/v7e-m+fp/hard\libc_nano.a(libc_a-malloc.o)
                              ./Core/Src/Stored_Data_Transmission_functional_unit.o (malloc)
C:/ST/STM32CubeIDE_1.18.1/STM32CubeIDE/plugins/com.st.stm32cube.ide.mcu.externaltools.gnu-tools-for-stm32.13.3.rel1.win32_1.0.0.202411081344/tools/bin/../lib/gcc/arm-none-eabi/13.3.1/../../../../arm-none-eabi/lib/thumb/v7e-m+fp/hard\libc_nano.a(libc_a-mallocr.o)
                              C:/ST/STM32CubeIDE_1.18.1/STM32CubeIDE/plugins/com.st.stm32cube.ide.mcu.externaltools.gnu-tools-for-stm32.13.3.rel1.win32_1.0.0.202411081344/tools/bin/../lib/gcc/arm-none-eabi/13.3.1/../../../../arm-none-eabi/lib/thumb/v7e-m+fp/hard\libc_nano.a(libc_a-malloc.o) (_malloc_r)
C:/ST/STM32CubeIDE_1.18.1/STM32CubeIDE/plugins/com.st.stm32cube.ide.mcu.externaltools.gnu-tools-for-stm32.13.3.rel1.win32_1.0.0.202411081344/tools/bin/../lib/gcc/arm-none-eabi/13.3.1/../../../../arm-none-eabi/lib/thumb/v7e-m+fp/hard\libc_nano.a(libc_a-mlock.o)
                              C:/ST/STM32CubeIDE_1.18.1/STM32CubeIDE/plugins/com.st.stm32cube.ide.mcu.externaltools.gnu-tools-for-stm32.13.3.rel1.win32_1.0.0.202411081344/tools/bin/../lib/gcc/arm-none-eabi/13.3.1/../../../../arm-none-eabi/lib/thumb/v7e-m+fp/hard\libc_nano.a(libc_a-mallocr.o) (__malloc_lock)
C:/ST/STM32CubeIDE_1.18.1/STM32CubeIDE/plugins/com.st.stm32cube.ide.mcu.externaltools.gnu-tools-for-stm32.13.3.rel1.win32_1.0.0.202411081344/tools/bin/../lib/gcc/arm-none-eabi/13.3.1/../../../../arm-none-eabi/lib/thumb/v7e-m+fp/hard\libc_nano.a(libc_a-findfp.o)
                              C:/ST/STM32CubeIDE_1.18.1/STM32CubeIDE/plugins/com.st.stm32cube.ide.mcu.externaltools.gnu-tools-for-stm32.13.3.rel1.win32_1.0.0.202411081344/tools/bin/../lib/gcc/arm-none-eabi/13.3.1/../../../../arm-none-eabi/lib/thumb/v7e-m+fp/hard\libc_nano.a(libc_a-exit.o) (__stdio_exit_handler)
C:/ST/STM32CubeIDE_1.18.1/STM32CubeIDE/plugins/com.st.stm32cube.ide.mcu.externaltools.gnu-tools-for-stm32.13.3.rel1.win32_1.0.0.202411081344/tools/bin/../lib/gcc/arm-none-eabi/13.3.1/../../../../arm-none-eabi/lib/thumb/v7e-m+fp/hard\libc_nano.a(libc_a-fwalk.o)
                              C:/ST/STM32CubeIDE_1.18.1/STM32CubeIDE/plugins/com.st.stm32cube.ide.mcu.externaltools.gnu-tools-for-stm32.13.3.rel1.win32_1.0.0.202411081344/tools/bin/../lib/gcc/arm-none-eabi/13.3.1/../../../../arm-none-eabi/lib/thumb/v7e-m+fp/hard\libc_nano.a(libc_a-findfp.o) (_fwalk_sglue)
C:/ST/STM32CubeIDE_1.18.1/STM32CubeIDE/plugins/com.st.stm32cube.ide.mcu.externaltools.gnu-tools-for-stm32.13.3.rel1.win32_1.0.0.202411081344/tools/bin/../lib/gcc/arm-none-eabi/13.3.1/../../../../arm-none-eabi/lib/thumb/v7e-m+fp/hard\libc_nano.a(libc_a-sprintf.o)
                              ./Core/Src/main.o (sprintf)
C:/ST/STM32CubeIDE_1.18.1/STM32CubeIDE/plugins/com.st.stm32cube.ide.mcu.externaltools.gnu-tools-for-stm32.13.3.rel1.win32_1.0.0.202411081344/tools/bin/../lib/gcc/arm-none-eabi/13.3.1/../../../../arm-none-eabi/lib/thumb/v7e-m+fp/hard\libc_nano.a(libc_a-stdio.o)
                              C:/ST/STM32CubeIDE_1.18.1/STM32CubeIDE/plugins/com.st.stm32cube.ide.mcu.externaltools.gnu-tools-for-stm32.13.3.rel1.win32_1.0.0.202411081344/tools/bin/../lib/gcc/arm-none-eabi/13.3.1/../../../../arm-none-eabi/lib/thumb/v7e-m+fp/hard\libc_nano.a(libc_a-findfp.o) (__sread)
C:/ST/STM32CubeIDE_1.18.1/STM32CubeIDE/plugins/com.st.stm32cube.ide.mcu.externaltools.gnu-tools-for-stm32.13.3.rel1.win32_1.0.0.202411081344/tools/bin/../lib/gcc/arm-none-eabi/13.3.1/../../../../arm-none-eabi/lib/thumb/v7e-m+fp/hard\libc_nano.a(libc_a-memset.o)
                              C:/ST/STM32CubeIDE_1.18.1/STM32CubeIDE/plugins/com.st.stm32cube.ide.mcu.externaltools.gnu-tools-for-stm32.13.3.rel1.win32_1.0.0.202411081344/tools/bin/../lib/gcc/arm-none-eabi/13.3.1/../../../../arm-none-eabi/lib/thumb/v7e-m+fp/hard/crt0.o (memset)
C:/ST/STM32CubeIDE_1.18.1/STM32CubeIDE/plugins/com.st.stm32cube.ide.mcu.externaltools.gnu-tools-for-stm32.13.3.rel1.win32_1.0.0.202411081344/tools/bin/../lib/gcc/arm-none-eabi/13.3.1/../../../../arm-none-eabi/lib/thumb/v7e-m+fp/hard\libc_nano.a(libc_a-closer.o)
[...]
Memory Configuration

Name             Origin             Length             Attributes
CCMRAM           0x10000000         0x00010000         xrw
RAM              0x20000000         0x00020000         xrw
FLASH            0x08000000         0x00100000         xr
*default*        0x00000000         0xffffffff

Linker script and memory map

LOAD C:/ST/STM32CubeIDE_1.18.1/STM32CubeIDE/plugins/com.st.stm32cube.ide.mcu.externaltools.gnu-tools-for-stm32.13.3.rel1.win32_1.0.0.202411081344/tools/bin/../lib/gcc/arm-none-eabi/13.3.1/thumb/v7e-m+fp/hard/crti.o
LOAD C:/ST/STM32CubeIDE_1.18.1/STM32CubeIDE/plugins/com.st.stm32cube.ide.mcu.externaltools.gnu-tools-for-stm32.13.3.rel1.win32_1.0.0.202411081344/tools/bin/../lib/gcc/arm-none-eabi/13.3.1/thumb/v7e-m+fp/hard/crtbegin.o
LOAD C:/ST/STM32CubeIDE_1.18.1/STM32CubeIDE/plugins/com.st.stm32cube.ide.mcu.externaltools.gnu-tools-for-stm32.13.3.rel1.win32_1.0.0.202411081344/tools/bin/../lib/gcc/arm-none-eabi/13.3.1/../../../../arm-none-eabi/lib/thumb/v7e-m+fp/hard/crt0.o
LOAD ./Core/Src/Data_Transmission_functional_unit.o
LOAD ./Core/Src/Diagnostic_Communication_Management_functional_unit.o
LOAD ./Core/Src/InputOutput_Control_functional_unit.o
LOAD ./Core/Src/Routine_functional_unit.o
LOAD ./Core/Src/Stored_Data_Transmission_functional_unit.o
LOAD ./Core/Src/Upload_Download_functional_unit.o
LOAD ./Core/Src/can_tp.o
LOAD ./Core/Src/main.o
LOAD ./Core/Src/stm32f4xx_hal_msp.o
LOAD ./Core/Src/stm32f4xx_it.o
LOAD ./Core/Src/syscalls.o
LOAD ./Core/Src/sysmem.o
LOAD ./Core/Src/system_stm32f4xx.o
LOAD ./Core/Src/uds_services.o
LOAD ./Core/Src/uds_services_handler_disptcher.o
LOAD ./Core/Startup/startup_stm32f407vgtx.o
LOAD ./Drivers/STM32F4xx_HAL_Driver/Src/stm32f4xx_hal.o
LOAD ./Drivers/STM32F4xx_HAL_Driver/Src/stm32f4xx_hal_can.o
LOAD ./Drivers/STM32F4xx_HAL_Driver/Src/stm32f4xx_hal_cortex.o
LOAD ./Drivers/STM32F4xx_HAL_Driver/Src/stm32f4xx_hal_dma.o
LOAD ./Drivers/STM32F4xx_HAL_Driver/Src/stm32f4xx_hal_dma_ex.o
LOAD ./Drivers/STM32F4xx_HAL_Driver/Src/stm32f4xx_hal_exti.o
LOAD ./Drivers/STM32F4xx_HAL_Driver/Src/stm32f4xx_hal_flash.o
LOAD ./Drivers/STM32F4xx_HAL_Driver/Src/stm32f4xx_hal_flash_ex.o
LOAD ./Drivers/STM32F4xx_HAL_Driver/Src/stm32f4xx_hal_flash_ramfunc.o
LOAD ./Drivers/STM32F4xx_HAL_Driver/Src/stm32f4xx_hal_gpio.o
LOAD ./Drivers/STM32F4xx_HAL_Driver/Src/stm32f4xx_hal_pwr.o
LOAD ./Drivers/STM32F4xx_HAL_Driver/Src/stm32f4xx_hal_pwr_ex.o
LOAD ./Drivers/STM32F4xx_HAL_Driver/Src/stm32f4xx_hal_rcc.o
LOAD ./Drivers/STM32F4xx_HAL_Driver/Src/stm32f4xx_hal_rcc_ex.o
LOAD ./Drivers/STM32F4xx_HAL_Driver/Src/stm32f4xx_hal_uart.o
START GROUP
LOAD C:/ST/STM32CubeIDE_1.18.1/STM32CubeIDE/plugins/com.st.stm32cube.ide.mcu.externaltools.gnu-tools-for-stm32.13.3.rel1.win32_1.0.0.202411081344/tools/bin/../lib/gcc/arm-none-eabi/13.3.1/../../../../arm-none-eabi/lib/thumb/v7e-m+fp/hard\libc_nano.a
LOAD C:/ST/STM32CubeIDE_1.18.1/STM32CubeIDE/plugins/com.st.stm32cube.ide.mcu.externaltools.gnu-tools-for-stm32.13.3.rel1.win32_1.0.0.202411081344/tools/bin/../lib/gcc/arm-none-eabi/13.3.1/../../../../arm-none-eabi/lib/thumb/v7e-m+fp/hard\libm.a
END GROUP
START GROUP
LOAD C:/ST/STM32CubeIDE_1.18.1/STM32CubeIDE/plugins/com.st.stm32cube.ide.mcu.externaltools.gnu-tools-for-stm32.13.3.rel1.win32_1.0.0.202411081344/tools/bin/../lib/gcc/arm-none-eabi/13.3.1/thumb/v7e-m+fp/hard\libgcc.a
LOAD C:/ST/STM32CubeIDE_1.18.1/STM32CubeIDE/plugins/com.st.stm32cube.ide.mcu.externaltools.gnu-tools-for-stm32.13.3.rel1.win32_1.0.0.202411081344/tools/bin/../lib/gcc/arm-none-eabi/13.3.1/../../../../arm-none-eabi/lib/thumb/v7e-m+fp/hard\libc_nano.a
END GROUP
START GROUP
LOAD C:/ST/STM32CubeIDE_1.18.1/STM32CubeIDE/plugins/com.st.stm32cube.ide.mcu.externaltools.gnu-tools-for-stm32.13.3.rel1.win32_1.0.0.202411081344/tools/bin/../lib/gcc/arm-none-eabi/13.3.1/thumb/v7e-m+fp/hard\libgcc.a
LOAD C:/ST/STM32CubeIDE_1.18.1/STM32CubeIDE/plugins/com.st.stm32cube.ide.mcu.externaltools.gnu-tools-for-stm32.13.3.rel1.win32_1.0.0.202411081344/tools/bin/../lib/gcc/arm-none-eabi/13.3.1/../../../../arm-none-eabi/lib/thumb/v7e-m+fp/hard\libc_nano.a
LOAD C:/ST/STM32CubeIDE_1.18.1/STM32CubeIDE/plugins/com.st.stm32cube.ide.mcu.externaltools.gnu-tools-for-stm32.13.3.rel1.win32_1.0.0.202411081344/tools/bin/../lib/gcc/arm-none-eabi/13.3.1/../../../../arm-none-eabi/lib/thumb/v7e-m+fp/hard\libnosys.a
END GROUP
START GROUP
LOAD C:/ST/STM32CubeIDE_1.18.1/STM32CubeIDE/plugins/com.st.stm32cube.ide.mcu.externaltools.gnu-tools-for-stm32.13.3.rel1.win32_1.0.0.202411081344/tools/bin/../lib/gcc/arm-none-eabi/13.3.1/thumb/v7e-m+fp/hard\libgcc.a
LOAD C:/ST/STM32CubeIDE_1.18.1/STM32CubeIDE/plugins/com.st.stm32cube.ide.mcu.externaltools.gnu-tools-for-stm32.13.3.rel1.win32_1.0.0.202411081344/tools/bin/../lib/gcc/arm-none-eabi/13.3.1/../../../../arm-none-eabi/lib/thumb/v7e-m+fp/hard\libc_nano.a
LOAD C:/ST/STM32CubeIDE_1.18.1/STM32CubeIDE/plugins/com.st.stm32cube.ide.mcu.externaltools.gnu-tools-for-stm32.13.3.rel1.win32_1.0.0.202411081344/tools/bin/../lib/gcc/arm-none-eabi/13.3.1/../../../../arm-none-eabi/lib/thumb/v7e-m+fp/hard\libnosys.a
END GROUP
LOAD C:/ST/STM32CubeIDE_1.18.1/STM32CubeIDE/plugins/com.st.stm32cube.ide.mcu.externaltools.gnu-tools-for-stm32.13.3.rel1.win32_1.0.0.202411081344/tools/bin/../lib/gcc/arm-none-eabi/13.3.1/thumb/v7e-m+fp/hard/crtend.o
LOAD C:/ST/STM32CubeIDE_1.18.1/STM32CubeIDE/plugins/com.st.stm32cube.ide.mcu.externaltools.gnu-tools-for-stm32.13.3.rel1.win32_1.0.0.202411081344/tools/bin/../lib/gcc/arm-none-eabi/13.3.1/thumb/v7e-m+fp/hard/crtn.o
                0x20020000                        _estack = (ORIGIN (RAM) + LENGTH (RAM))
                0x00000200                        _Min_Heap_Size = 0x200
                0x00000400                        _Min_Stack_Size = 0x400

.isr_vector     0x08000000      0x188
                0x08000000                        . = ALIGN (0x4)
 *(.isr_vector)
 .isr_vector    0x08000000      0x188 ./Core/Startup/startup_stm32f407vgtx.o
                0x08000000                g_pfnVectors
                0x08000188                        . = ALIGN (0x4)

.text           0x08000190     0x86fc
                0x08000190                        . = ALIGN (0x4)
 *(.text)
 .text          0x08000190       0x40 C:/ST/STM32CubeIDE_1.18.1/STM32CubeIDE/plugins/com.st.stm32cube.ide.mcu.externaltools.gnu-tools-for-stm32.13.3.rel1.win32_1.0.0.202411081344/tools/bin/../lib/gcc/arm-none-eabi/13.3.1/thumb/v7e-m+fp/hard/crtbegin.o
 .text          0x080001d0       0x10 C:/ST/STM32CubeIDE_1.18.1/STM32CubeIDE/plugins/com.st.stm32cube.ide.mcu.externaltools.gnu-tools-for-stm32.13.3.rel1.win32_1.0.0.202411081344/tools/bin/../lib/gcc/arm-none-eabi/13.3.1/../../../../arm-none-eabi/lib/thumb/v7e-m+fp/hard\libc_nano.a(libc_a-strlen.o)
                0x080001d0                strlen
 .text          0x080001e0       0xa0 C:/ST/STM32CubeIDE_1.18.1/STM32CubeIDE/plugins/com.st.stm32cube.ide.mcu.externaltools.gnu-tools-for-stm32.13.3.rel1.win32_1.0.0.202411081344/tools/bin/../lib/gcc/arm-none-eabi/13.3.1/../../../../arm-none-eabi/lib/thumb/v7e-m+fp/hard\libc_nano.a(libc_a-memchr.o)
                0x080001e0                memchr
 .text          0x08000280       0x30 C:/ST/STM32CubeIDE_1.18.1/STM32CubeIDE/plugins/com.st.stm32cube.ide.mcu.externaltools.gnu-tools-for-stm32.13.3.rel1.win32_1.0.0.202411081344/tools/bin/../lib/gcc/arm-none-eabi/13.3.1/thumb/v7e-m+fp/hard\libgcc.a(_aeabi_uldivmod.o)
                0x08000280                __aeabi_uldivmod
 .text          0x080002b0      0x2f8 C:/ST/STM32CubeIDE_1.18.1/STM32CubeIDE/plugins/com.st.stm32cube.ide.mcu.externaltools.gnu-tools-for-stm32.13.3.rel1.win32_1.0.0.202411081344/tools/bin/../lib/gcc/arm-none-eabi/13.3.1/thumb/v7e-m+fp/hard\libgcc.a(_udivmoddi4.o)
                0x080002b0                __udivmoddi4
 .text          0x080005a8        0x4 C:/ST/STM32CubeIDE_1.18.1/STM32CubeIDE/plugins/com.st.stm32cube.ide.mcu.externaltools.gnu-tools-for-stm32.13.3.rel1.win32_1.0.0.202411081344/tools/bin/../lib/gcc/arm-none-eabi/13.3.1/thumb/v7e-m+fp/hard\libgcc.a(_dvmd_tls.o)
                0x080005a8                __aeabi_idiv0
                0x080005a8                __aeabi_ldiv0
 *(.text*)
 .text.uds_read_data_by_identifier
                0x080005ac      0x29c ./Core/Src/Data_Transmission_functional_unit.o
                0x080005ac                uds_read_data_by_identifier
 .text.is_security_required_for_did
                0x08000848       0x18 ./Core/Src/Data_Transmission_functional_unit.o
                0x08000848                is_security_required_for_did
 .text.send_negative_response_read_data_by_identifier
                0x08000860       0x38 ./Core/Src/Data_Transmission_functional_unit.o
                0x08000860                send_negative_response_read_data_by_identifier
 .text.uds_read_data_by_periodic_identifier
                0x08000898       0xd8 ./Core/Src/Data_Transmission_functional_unit.o
                0x08000898                uds_read_data_by_periodic_identifier
 .text.start_periodic_transmission
                0x08000970       0x84 ./Core/Src/Data_Transmission_functional_unit.o
                0x08000970                start_periodic_transmission
 .text.stop_periodic_transmission
                0x080009f4       0x68 ./Core/Src/Data_Transmission_functional_unit.o
                0x080009f4                stop_periodic_transmission
 .text.send_positive_response_read_data_by_periodic_identifier
                0x08000a5c       0x20 ./Core/Src/Data_Transmission_functional_unit.o
                0x08000a5c                send_positive_response_read_data_by_periodic_identifier
 .text.send_negative_response_read_data_by_periodic_identifier
                0x08000a7c       0x2a ./Core/Src/Data_Transmission_functional_unit.o
                0x08000a7c                send_negative_response_read_data_by_periodic_identifier
 .text.is_pid_supported_in_session
                0x08000aa6       0x34 ./Core/Src/Data_Transmission_functional_unit.o
                0x08000aa6                is_pid_supported_in_session
 *fill*         0x08000ada        0x2 
 .text.is_security_granted_for_pid
                0x08000adc       0x20 ./Core/Src/Data_Transmission_functional_unit.o
                0x08000adc                is_security_granted_for_pid
 .text.uds_write_data_by_identifier
                0x08000afc       0xcc ./Core/Src/Data_Transmission_functional_unit.o
                0x08000afc                uds_write_data_by_identifier
 .text.is_data_identifier_supported_for_write
                0x08000bc8       0x28 ./Core/Src/Data_Transmission_functional_unit.o
                0x08000bc8                is_data_identifier_supported_for_write
 .text.write_data_to_identifier
                0x08000bf0       0x7c ./Core/Src/Data_Transmission_functional_unit.o
                0x08000bf0                write_data_to_identifier
 .text.send_positive_response_write_data_by_identifier
                0x08000c6c       0x32 ./Core/Src/Data_Transmission_functional_unit.o
                0x08000c6c                send_positive_response_write_data_by_identifier
 .text.send_negative_response_write_data_by_identifier
                0x08000c9e       0x2a ./Core/Src/Data_Transmission_functional_unit.o
                0x08000c9e                send_negative_response_write_data_by_identifier
 .text.are_conditions_correct_for_did
                0x08000cc8       0x28 ./Core/Src/Data_Transmission_functional_unit.o
                0x08000cc8                are_conditions_correct_for_did
 .text.send_can_message
                0x08000cf0       0x44 ./Core/Src/Data_Transmission_functional_unit.o
                0x08000cf0                send_can_message
 .text.__NVIC_SystemReset
                0x08000d34       0x2c ./Core/Src/Diagnostic_Communication_Management_functional_unit.o
 .text.uds_diagnostic_session_control
                0x08000d60       0xfc ./Core/Src/Diagnostic_Communication_Management_functional_unit.o
                0x08000d60                uds_diagnostic_session_control
 .text.reset_default_session
                0x08000e5c       0x18 ./Core/Src/Diagnostic_Communication_Management_functional_unit.o
                0x08000e5c                reset_default_session
 .text.set_p2_p2_star_server_timer
                0x08000e74       0x20 ./Core/Src/Diagnostic_Communication_Management_functional_unit.o
                0x08000e74                set_p2_p2_star_server_timer
 .text.reset_s3_timer
                0x08000e94       0x20 ./Core/Src/Diagnostic_Communication_Management_functional_unit.o
                0x08000e94                reset_s3_timer
 .text.UDS_Timer_1ms_Tick
                0x08000eb4       0x40 ./Core/Src/Diagnostic_Communication_Management_functional_unit.o
                0x08000eb4                UDS_Timer_1ms_Tick
 .text.reset_events
                0x08000ef4        0xe ./Core/Src/Diagnostic_Communication_Management_functional_unit.o
                0x08000ef4                reset_events
 .text.deactivate_extended_services
                0x08000f02        0xe ./Core/Src/Diagnostic_Communication_Management_functional_unit.o
                0x08000f02                deactivate_extended_services
 .text.is_service_allowed
                0x08000f10      0x118 ./Core/Src/Diagnostic_Communication_Management_functional_unit.o
                0x08000f10                is_service_allowed
 .text.send_positive_response_diagnostic_control
                0x08001028       0x80 ./Core/Src/Diagnostic_Communication_Management_functional_unit.o
                0x08001028                send_positive_response_diagnostic_control
 .text.send_negative_response_diagnostic_control
                0x080010a8       0x38 ./Core/Src/Diagnostic_Communication_Management_functional_unit.o
                0x080010a8                send_negative_response_diagnostic_control
 .text.uds_ecu_reset
                0x080010e0       0x94 ./Core/Src/Diagnostic_Communication_Management_functional_unit.o
                0x080010e0                uds_ecu_reset
 .text.hard_reset
                0x08001174        0x8 ./Core/Src/Diagnostic_Communication_Management_functional_unit.o
                0x08001174                hard_reset
 .text.soft_reset
                0x0800117c        0xe ./Core/Src/Diagnostic_Communication_Management_functional_unit.o
                0x0800117c                soft_reset
 .text.enable_rapid_power_shutdown
                0x0800118a       0x10 ./Core/Src/Diagnostic_Communication_Management_functional_unit.o
                0x0800118a                enable_rapid_power_shutdown
 .text.disable_rapid_power_shutdown
                0x0800119a        0xe ./Core/Src/Diagnostic_Communication_Management_functional_unit.o
                0x0800119a                disable_rapid_power_shutdown
 .text.send_negative_response_ecu_reset
                0x080011a8       0x72 ./Core/Src/Diagnostic_Communication_Management_functional_unit.o
                0x080011a8                send_negative_response_ecu_reset
 *fill*         0x0800121a        0x2 
 .text.uds_security_access
                0x0800121c       0xbc ./Core/Src/Diagnostic_Communication_Management_functional_unit.o
                0x0800121c                uds_security_access
 .text.send_seed
                0x080012d8       0x64 ./Core/Src/Diagnostic_Communication_Management_functional_unit.o
                0x080012d8                send_seed
 .text.verify_key
                0x0800133c       0x70 ./Core/Src/Diagnostic_Communication_Management_functional_unit.o
                0x0800133c                verify_key
 .text.send_positive_response_security_access
                0x080013ac       0x4a ./Core/Src/Diagnostic_Communication_Management_functional_unit.o
                0x080013ac                send_positive_response_security_access
 .text.send_negative_response_security_access
                0x080013f6       0x3e ./Core/Src/Diagnostic_Communication_Management_functional_unit.o
                0x080013f6                send_negative_response_security_access
 .text.uds_communication_control
                0x08001434      0x130 ./Core/Src/Diagnostic_Communication_Management_functional_unit.o
                0x08001434                uds_communication_control
 .text.send_positive_response_communication_control
                0x08001564       0x26 ./Core/Src/Diagnostic_Communication_Management_functional_unit.o
                0x08001564                send_positive_response_communication_control
 .text.send_negative_response_communication_control
                0x0800158a       0x2a ./Core/Src/Diagnostic_Communication_Management_functional_unit.o
                0x0800158a                send_negative_response_communication_control
 .text.uds_tester_present
                0x080015b4       0x42 ./Core/Src/Diagnostic_Communication_Management_functional_unit.o
                0x080015b4                uds_tester_present
 .text.send_positive_response_tester_present
                0x080015f6       0x30 ./Core/Src/Diagnostic_Communication_Management_functional_unit.o
                0x080015f6                send_positive_response_tester_present
 .text.send_negative_response_tester_present
                0x08001626       0x2e ./Core/Src/Diagnostic_Communication_Management_functional_unit.o
                0x08001626                send_negative_response_tester_present
 .text.uds_access_timing_parameter
                0x08001654       0x72 ./Core/Src/Diagnostic_Communication_Management_functional_unit.o
                0x08001654                uds_access_timing_parameter
 *fill*         0x080016c6        0x2 
 .text.read_timing_parameters
                0x080016c8       0x48 ./Core/Src/Diagnostic_Communication_Management_functional_unit.o
                0x080016c8                read_timing_parameters
 .text.write_timing_parameters
                0x08001710       0x58 ./Core/Src/Diagnostic_Communication_Management_functional_unit.o
                0x08001710                write_timing_parameters
 .text.send_positive_response_access_timing
                0x08001768       0x2c ./Core/Src/Diagnostic_Communication_Management_functional_unit.o
                0x08001768                send_positive_response_access_timing
 .text.send_negative_response_access_timing
                0x08001794       0x2a ./Core/Src/Diagnostic_Communication_Management_functional_unit.o
                0x08001794                send_negative_response_access_timing
 *fill*         0x080017be        0x2 
 .text.uds_secured_data_transmission
                0x080017c0       0x68 ./Core/Src/Diagnostic_Communication_Management_functional_unit.o
                0x080017c0                uds_secured_data_transmission
 .text.encrypt_data
                0x08001828       0x52 ./Core/Src/Diagnostic_Communication_Management_functional_unit.o
                0x08001828                encrypt_data
 .text.secured_data_send
                0x0800187a       0x1e ./Core/Src/Diagnostic_Communication_Management_functional_unit.o
                0x0800187a                secured_data_send
 .text.send_positive_response_secured_data_transmission
                0x08001898       0x5e ./Core/Src/Diagnostic_Communication_Management_functional_unit.o
                0x08001898                send_positive_response_secured_data_transmission
 .text.send_negative_response_secured_data_transmission
                0x080018f6       0x2a ./Core/Src/Diagnostic_Communication_Management_functional_unit.o
                0x080018f6                send_negative_response_secured_data_transmission
 .text.uds_control_dtc_setting
                0x08001920       0x84 ./Core/Src/Diagnostic_Communication_Management_functional_unit.o
                0x08001920                uds_control_dtc_setting
 .text.send_positive_response_control_dtc_setting
                0x080019a4       0x2a ./Core/Src/Diagnostic_Communication_Management_functional_unit.o
                0x080019a4                send_positive_response_control_dtc_setting
 .text.send_negative_response_control_dtc_setting
                0x080019ce       0x38 ./Core/Src/Diagnostic_Communication_Management_functional_unit.o
                0x080019ce                send_negative_response_control_dtc_setting
 *fill*         0x08001a06        0x2 
 .text.uds_response_on_event
                0x08001a08       0x78 ./Core/Src/Diagnostic_Communication_Management_functional_unit.o
                0x08001a08                uds_response_on_event
 .text.stop_response_on_event
                0x08001a80       0x3c ./Core/Src/Diagnostic_Communication_Management_functional_unit.o
                0x08001a80                stop_response_on_event
 .text.on_dtc_status_change
                0x08001abc       0x7c ./Core/Src/Diagnostic_Communication_Management_functional_unit.o
                0x08001abc                on_dtc_status_change
 .text.on_timer_interrupt
                0x08001b38       0x7c ./Core/Src/Diagnostic_Communication_Management_functional_unit.o
                0x08001b38                on_timer_interrupt
 .text.start_response_on_event
                0x08001bb4       0x2c ./Core/Src/Diagnostic_Communication_Management_functional_unit.o
                0x08001bb4                start_response_on_event
 .text.clear_response_on_event
                0x08001be0       0x54 ./Core/Src/Diagnostic_Communication_Management_functional_unit.o
                0x08001be0                clear_response_on_event
 .text.send_positive_response_roe
                0x08001c34       0x4c ./Core/Src/Diagnostic_Communication_Management_functional_unit.o
                0x08001c34                send_positive_response_roe
 .text.send_negative_response_roe
                0x08001c80       0x3e ./Core/Src/Diagnostic_Communication_Management_functional_unit.o
                0x08001c80                send_negative_response_roe
 *fill*         0x08001cbe        0x2 
 .text.uds_link_control
                0x08001cc0       0xa8 ./Core/Src/Diagnostic_Communication_Management_functional_unit.o
                0x08001cc0                uds_link_control
 .text.send_positive_response_link_control
                0x08001d68       0x2a ./Core/Src/Diagnostic_Communication_Management_functional_unit.o
                0x08001d68                send_positive_response_link_control
 .text.send_negative_response_link_control
                0x08001d92       0x3e ./Core/Src/Diagnostic_Communication_Management_functional_unit.o
                0x08001d92                send_negative_response_link_control
 .text.uds_input_output_control_by_identifier
                0x08001dd0       0x84 ./Core/Src/InputOutput_Control_functional_unit.o
                0x08001dd0                uds_input_output_control_by_identifier
 .text.send_positive_response_input_output_control_by_identifier
                0x08001e54       0x38 ./Core/Src/InputOutput_Control_functional_unit.o
                0x08001e54                send_positive_response_input_output_control_by_identifier
 .text.send_negative_response_input_output_control_by_identifier
                0x08001e8c       0x26 ./Core/Src/InputOutput_Control_functional_unit.o
                0x08001e8c                send_negative_response_input_output_control_by_identifier
 .text.uds_routine_control
                0x08001eb2       0xca ./Core/Src/Routine_functional_unit.o
                0x08001eb2                uds_routine_control
 .text.send_positive_response_routine_control
                0x08001f7c       0x18 ./Core/Src/Routine_functional_unit.o
                0x08001f7c                send_positive_response_routine_control
 .text.send_negative_response_routine_control
                0x08001f94       0x26 ./Core/Src/Routine_functional_unit.o
                0x08001f94                send_negative_response_routine_control
 .text.is_routine_supported
                0x08001fba       0x18 ./Core/Src/Routine_functional_unit.o
                0x08001fba                is_routine_supported
 .text.is_security_granted_for_routine
                0x08001fd2       0x18 ./Core/Src/Routine_functional_unit.o
                0x08001fd2                is_security_granted_for_routine
 .text.is_sub_function_supported
                0x08001fea       0x18 ./Core/Src/Routine_functional_unit.o
                0x08001fea                is_sub_function_supported
 .text.validate_routine_control_option
                0x08002002       0x18 ./Core/Src/Routine_functional_unit.o
                0x08002002                validate_routine_control_option
 .text.uds_clear_diagnostic_information
                0x0800201a       0x8c ./Core/Src/Stored_Data_Transmission_functional_unit.o
                0x0800201a                uds_clear_diagnostic_information
 .text.is_group_of_dtc_supported
                0x080020a6       0x48 ./Core/Src/Stored_Data_Transmission_functional_unit.o
                0x080020a6                is_group_of_dtc_supported
 *fill*         0x080020ee        0x2 
 .text.are_conditions_correct_for_dtc_clear
                0x080020f0       0x20 ./Core/Src/Stored_Data_Transmission_functional_unit.o
                0x080020f0                are_conditions_correct_for_dtc_clear
 .text.clear_diagnostic_information
                0x08002110       0x16 ./Core/Src/Stored_Data_Transmission_functional_unit.o
                0x08002110                clear_diagnostic_information
 .text.send_positive_response_clear_diagnostic_information
                0x08002126       0x1c ./Core/Src/Stored_Data_Transmission_functional_unit.o
                0x08002126                send_positive_response_clear_diagnostic_information
 .text.send_negative_response_clear_diagnostic_information
                0x08002142       0x2a ./Core/Src/Stored_Data_Transmission_functional_unit.o
                0x08002142                send_negative_response_clear_diagnostic_information
 .text.uds_read_dtc_information
                0x0800216c      0x2cc ./Core/Src/Stored_Data_Transmission_functional_unit.o
                0x0800216c                uds_read_dtc_information
 .text.send_positive_response_read_dtc_information
                0x08002438      0x184 ./Core/Src/Stored_Data_Transmission_functional_unit.o
                0x08002438                send_positive_response_read_dtc_information
 .text.send_negative_response_read_dtc_information
                0x080025bc       0x30 ./Core/Src/Stored_Data_Transmission_functional_unit.o
                0x080025bc                send_negative_response_read_dtc_information
 .text.report_number_of_dtc_by_status_mask
                0x080025ec       0xd0 ./Core/Src/Stored_Data_Transmission_functional_unit.o
                0x080025ec                report_number_of_dtc_by_status_mask
 .text.report_dtc_by_status_mask
                0x080026bc      0x154 ./Core/Src/Stored_Data_Transmission_functional_unit.o
                0x080026bc                report_dtc_by_status_mask
 .text.report_dtc_snapshot_identification
                0x08002810      0x14c ./Core/Src/Stored_Data_Transmission_functional_unit.o
                0x08002810                report_dtc_snapshot_identification
 .text.report_dtc_snapshot_record_by_dtc_number
                0x0800295c      0x178 ./Core/Src/Stored_Data_Transmission_functional_unit.o
                0x0800295c                report_dtc_snapshot_record_by_dtc_number
 .text.report_dtc_stored_data_by_record_number
                0x08002ad4      0x15c ./Core/Src/Stored_Data_Transmission_functional_unit.o
                0x08002ad4                report_dtc_stored_data_by_record_number
 .text.report_dtc_ext_data_record_by_dtc_number
                0x08002c30      0x188 ./Core/Src/Stored_Data_Transmission_functional_unit.o
                0x08002c30                report_dtc_ext_data_record_by_dtc_number
 .text.report_number_of_dtc_by_severity_mask
                0x08002db8       0xac ./Core/Src/Stored_Data_Transmission_functional_unit.o
                0x08002db8                report_number_of_dtc_by_severity_mask
 .text.report_dtc_by_severity_mask_record
                0x08002e64       0xf0 ./Core/Src/Stored_Data_Transmission_functional_unit.o
                0x08002e64                report_dtc_by_severity_mask_record
 .text.report_severity_information_of_dtc
                0x08002f54       0xc4 ./Core/Src/Stored_Data_Transmission_functional_unit.o
                0x08002f54                report_severity_information_of_dtc
 .text.report_supported_dtc
                0x08003018       0xc0 ./Core/Src/Stored_Data_Transmission_functional_unit.o
                0x08003018                report_supported_dtc
 .text.report_first_test_failed_dtc
                0x080030d8       0xa8 ./Core/Src/Stored_Data_Transmission_functional_unit.o
                0x080030d8                report_first_test_failed_dtc
 .text.report_first_confirmed_dtc
                0x08003180       0xa8 ./Core/Src/Stored_Data_Transmission_functional_unit.o
                0x08003180                report_first_confirmed_dtc
 .text.report_most_recent_test_failed_dtc
                0x08003228       0xc0 ./Core/Src/Stored_Data_Transmission_functional_unit.o
                0x08003228                report_most_recent_test_failed_dtc
 .text.report_most_recent_confirmed_dtc
                0x080032e8       0xc0 ./Core/Src/Stored_Data_Transmission_functional_unit.o
                0x080032e8                report_most_recent_confirmed_dtc
 .text.report_mirror_memory_dtc_by_status_mask
                0x080033a8       0xcc ./Core/Src/Stored_Data_Transmission_functional_unit.o
                0x080033a8                report_mirror_memory_dtc_by_status_mask
 .text.report_mirror_memory_dtc_ext_data_record
                0x08003474       0xc0 ./Core/Src/Stored_Data_Transmission_functional_unit.o
                0x08003474                report_mirror_memory_dtc_ext_data_record
 .text.report_number_of_mirror_memory_dtc_by_status_mask
                0x08003534       0xa0 ./Core/Src/Stored_Data_Transmission_functional_unit.o
                0x08003534                report_number_of_mirror_memory_dtc_by_status_mask
 .text.report_number_of_emissions_obd_dtc_by_status_mask
                0x080035d4       0xd4 ./Core/Src/Stored_Data_Transmission_functional_unit.o
                0x080035d4                report_number_of_emissions_obd_dtc_by_status_mask
 .text.report_emissions_obd_dtc_by_status_mask
                0x080036a8       0xdc ./Core/Src/Stored_Data_Transmission_functional_unit.o
                0x080036a8                report_emissions_obd_dtc_by_status_mask
 .text.report_dtc_fault_detection_counter
                0x08003784       0xbc ./Core/Src/Stored_Data_Transmission_functional_unit.o
                0x08003784                report_dtc_fault_detection_counter
 .text.report_dtc_with_permanent_status
                0x08003840       0xc0 ./Core/Src/Stored_Data_Transmission_functional_unit.o
                0x08003840                report_dtc_with_permanent_status
 .text.report_dtc_ext_data_record_by_record_number
                0x08003900       0xa0 ./Core/Src/Stored_Data_Transmission_functional_unit.o
                0x08003900                report_dtc_ext_data_record_by_record_number
 .text.report_user_def_memory_dtc_by_status_mask
                0x080039a0       0xc8 ./Core/Src/Stored_Data_Transmission_functional_unit.o
                0x080039a0                report_user_def_memory_dtc_by_status_mask
 .text.report_user_def_memory_dtc_snapshot_record
                0x08003a68       0xe8 ./Core/Src/Stored_Data_Transmission_functional_unit.o
                0x08003a68                report_user_def_memory_dtc_snapshot_record
 .text.report_user_def_memory_dtc_ext_data_record
                0x08003b50       0xe8 ./Core/Src/Stored_Data_Transmission_functional_unit.o
                0x08003b50                report_user_def_memory_dtc_ext_data_record
 .text.report_wwh_obd_dtc_by_mask_record
                0x08003c38       0xe4 ./Core/Src/Stored_Data_Transmission_functional_unit.o
                0x08003c38                report_wwh_obd_dtc_by_mask_record
 .text.report_wwh_obd_dtc_with_permanent_status
                0x08003d1c       0xc8 ./Core/Src/Stored_Data_Transmission_functional_unit.o
                0x08003d1c                report_wwh_obd_dtc_with_permanent_status
 .text.get_dtc_status_availability_mask
                0x08003de4       0x10 ./Core/Src/Stored_Data_Transmission_functional_unit.o
                0x08003de4                get_dtc_status_availability_mask
 .text.get_dtc_format_identifier
                0x08003df4       0x10 ./Core/Src/Stored_Data_Transmission_functional_unit.o
                0x08003df4                get_dtc_format_identifier
 .text.uds_request_download
                0x08003e04       0x7a ./Core/Src/Upload_Download_functional_unit.o
                0x08003e04                uds_request_download
 .text.send_positive_response_request_download
                0x08003e7e       0x18 ./Core/Src/Upload_Download_functional_unit.o
                0x08003e7e                send_positive_response_request_download
 .text.send_negative_response_request_download
                0x08003e96       0x26 ./Core/Src/Upload_Download_functional_unit.o
                0x08003e96                send_negative_response_request_download
 .text.is_memory_address_valid
                0x08003ebc       0x16 ./Core/Src/Upload_Download_functional_unit.o
                0x08003ebc                is_memory_address_valid
 .text.is_memory_size_valid
                0x08003ed2       0x16 ./Core/Src/Upload_Download_functional_unit.o
                0x08003ed2                is_memory_size_valid
 .text.uds_request_upload
                0x08003ee8       0x40 ./Core/Src/Upload_Download_functional_unit.o
                0x08003ee8                uds_request_upload
 .text.send_positive_response_upload
                0x08003f28       0x2c ./Core/Src/Upload_Download_functional_unit.o
                0x08003f28                send_positive_response_upload
 .text.send_negative_response_upload
                0x08003f54       0x26 ./Core/Src/Upload_Download_functional_unit.o
                0x08003f54                send_negative_response_upload
 .text.is_security_active
                0x08003f7a       0x10 ./Core/Src/Upload_Download_functional_unit.o
                0x08003f7a                is_security_active
 *fill*         0x08003f8a        0x2 
 .text.uds_transfer_data
                0x08003f8c       0x70 ./Core/Src/Upload_Download_functional_unit.o
                0x08003f8c                uds_transfer_data
 .text.send_positive_response_transfer_data
                0x08003ffc       0x4a ./Core/Src/Upload_Download_functional_unit.o
                0x08003ffc                send_positive_response_transfer_data
 .text.send_negative_response_transfer_data
                0x08004046       0x26 ./Core/Src/Upload_Download_functional_unit.o
                0x08004046                send_negative_response_transfer_data
 .text.is_request_download_active
                0x0800406c       0x10 ./Core/Src/Upload_Download_functional_unit.o
                0x0800406c                is_request_download_active
 .text.is_request_upload_active
                0x0800407c       0x10 ./Core/Src/Upload_Download_functional_unit.o
                0x0800407c                is_request_upload_active
 .text.uds_request_transfer_exit
                0x0800408c       0x54 ./Core/Src/Upload_Download_functional_unit.o
                0x0800408c                uds_request_transfer_exit
 .text.send_positive_response_transfer_exit
                0x080040e0       0x22 ./Core/Src/Upload_Download_functional_unit.o
                0x080040e0                send_positive_response_transfer_exit
 .text.send_negative_response_transfer_exit
                0x08004102       0x26 ./Core/Src/Upload_Download_functional_unit.o
                0x08004102                send_negative_response_transfer_exit
 .text.is_transfer_in_progress
                0x08004128       0x10 ./Core/Src/Upload_Download_functional_unit.o
                0x08004128                is_transfer_in_progress
 .text.validate_transfer_request_parameters
                0x08004138       0x16 ./Core/Src/Upload_Download_functional_unit.o
                0x08004138                validate_transfer_request_parameters
 .text.uds_request_file_transfer
                0x0800414e       0x5e ./Core/Src/Upload_Download_functional_unit.o
                0x0800414e                uds_request_file_transfer
 .text.send_positive_response_file_transfer
                0x080041ac       0x18 ./Core/Src/Upload_Download_functional_unit.o
                0x080041ac                send_positive_response_file_transfer
 .text.send_negative_response_file_transfer
                0x080041c4       0x26 ./Core/Src/Upload_Download_functional_unit.o
                0x080041c4                send_negative_response_file_transfer
 .text.can_tp_send_flow_control
                0x080041ea       0x24 ./Core/Src/can_tp.o
 *fill*         0x0800420e        0x2 
 .text.can_tp_receive_isr
                0x08004210      0x164 ./Core/Src/can_tp.o
                0x08004210                can_tp_receive_isr
 .text.can_tp_handle_fc
                0x08004374       0x28 ./Core/Src/can_tp.o
                0x08004374                can_tp_handle_fc
 .text.can_tp_send
                0x0800439c       0xf4 ./Core/Src/can_tp.o
                0x0800439c                can_tp_send
 .text.can_tp_tx_task
                0x08004490       0xd4 ./Core/Src/can_tp.o
                0x08004490                can_tp_tx_task
 .text.main     0x08004564       0x70 ./Core/Src/main.o
                0x08004564                main
 .text.SystemClock_Config
                0x080045d4       0xd4 ./Core/Src/main.o
                0x080045d4                SystemClock_Config
 .text.MX_CAN1_Init
                0x080046a8       0x6c ./Core/Src/main.o
 .text.MX_USART2_UART_Init
                0x08004714       0x54 ./Core/Src/main.o
 .text.MX_GPIO_Init
                0x08004768       0x6c ./Core/Src/main.o
 .text.CAN_Filter_Config
                0x080047d4       0x4c ./Core/Src/main.o
                0x080047d4                CAN_Filter_Config
 .text.UART2_Send
                0x08004820       0x2c ./Core/Src/main.o
                0x08004820                UART2_Send
 .text.HAL_CAN_RxFifo0MsgPendingCallback
                0x0800484c      0x148 ./Core/Src/main.o
                0x0800484c                HAL_CAN_RxFifo0MsgPendingCallback
 .text.HAL_CAN_TxMailbox0CompleteCallback
                0x08004994       0x40 ./Core/Src/main.o
                0x08004994                HAL_CAN_TxMailbox0CompleteCallback
 .text.Error_handler
                0x080049d4        0xc ./Core/Src/main.o
                0x080049d4                Error_handler
 .text.HAL_MspInit
                0x080049e0       0x50 ./Core/Src/stm32f4xx_hal_msp.o
                0x080049e0                HAL_MspInit
 .text.HAL_CAN_MspInit
                0x08004a30       0xa0 ./Core/Src/stm32f4xx_hal_msp.o
                0x08004a30                HAL_CAN_MspInit
 .text.HAL_UART_MspInit
                0x08004ad0       0xa0 ./Core/Src/stm32f4xx_hal_msp.o
                0x08004ad0                HAL_UART_MspInit
 .text.NMI_Handler
                0x08004b70        0x8 ./Core/Src/stm32f4xx_it.o
                0x08004b70                NMI_Handler
 .text.HardFault_Handler
                0x08004b78        0x8 ./Core/Src/stm32f4xx_it.o
                0x08004b78                HardFault_Handler
 .text.MemManage_Handler
                0x08004b80        0x8 ./Core/Src/stm32f4xx_it.o
                0x08004b80                MemManage_Handler
 .text.BusFault_Handler
                0x08004b88        0x8 ./Core/Src/stm32f4xx_it.o
                0x08004b88                BusFault_Handler
 .text.UsageFault_Handler
                0x08004b90        0x8 ./Core/Src/stm32f4xx_it.o
                0x08004b90                UsageFault_Handler
 .text.SVC_Handler
                0x08004b98        0xe ./Core/Src/stm32f4xx_it.o
                0x08004b98                SVC_Handler
 .text.DebugMon_Handler
                0x08004ba6        0xe ./Core/Src/stm32f4xx_it.o
                0x08004ba6                DebugMon_Handler
 .text.PendSV_Handler
                0x08004bb4        0xe ./Core/Src/stm32f4xx_it.o
                0x08004bb4                PendSV_Handler
 .text.SysTick_Handler
                0x08004bc2       0x10 ./Core/Src/stm32f4xx_it.o
                0x08004bc2                SysTick_Handler
 *fill*         0x08004bd2        0x2 
 .text.CAN1_RX0_IRQHandler
                0x08004bd4       0x14 ./Core/Src/stm32f4xx_it.o
                0x08004bd4                CAN1_RX0_IRQHandler
 .text.USART2_IRQHandler
                0x08004be8       0x14 ./Core/Src/stm32f4xx_it.o
                0x08004be8                USART2_IRQHandler
 .text._sbrk    0x08004bfc       0x6c ./Core/Src/sysmem.o
                0x08004bfc                _sbrk
 .text.SystemInit
                0x08004c68       0x24 ./Core/Src/system_stm32f4xx.o
                0x08004c68                SystemInit
 .text.uds_services_handler_disptcher
                0x08004c8c      0x40c ./Core/Src/uds_services_handler_disptcher.o
                0x08004c8c                uds_services_handler_disptcher
 .text.Reset_Handler
                0x08005098       0x50 ./Core/Startup/startup_stm32f407vgtx.o
                0x08005098                Reset_Handler
 .text.Default_Handler
                0x080050e8        0x2 ./Core/Startup/startup_stm32f407vgtx.o
                0x080050e8                RTC_Alarm_IRQHandler
                0x080050e8                HASH_RNG_IRQHandler
                0x080050e8                EXTI2_IRQHandler
                0x080050e8                TIM8_CC_IRQHandler
                0x080050e8                TIM1_CC_IRQHandler
                0x080050e8                DMA2_Stream5_IRQHandler
                0x080050e8                DMA1_Stream5_IRQHandler
                0x080050e8                PVD_IRQHandler
                0x080050e8                SDIO_IRQHandler
                0x080050e8                TAMP_STAMP_IRQHandler
                0x080050e8                CAN2_RX1_IRQHandler
                0x080050e8                EXTI3_IRQHandler
                0x080050e8                TIM8_TRG_COM_TIM14_IRQHandler
                0x080050e8                TIM1_UP_TIM10_IRQHandler
                0x080050e8                TIM8_UP_TIM13_IRQHandler
                0x080050e8                I2C3_ER_IRQHandler
                0x080050e8                EXTI0_IRQHandler
                0x080050e8                I2C2_EV_IRQHandler
                0x080050e8                DMA1_Stream2_IRQHandler
                0x080050e8                FPU_IRQHandler
                0x080050e8                OTG_HS_WKUP_IRQHandler
                0x080050e8                CAN2_SCE_IRQHandler
                0x080050e8                DMA2_Stream2_IRQHandler
                0x080050e8                SPI1_IRQHandler
                0x080050e8                TIM6_DAC_IRQHandler
                0x080050e8                TIM1_BRK_TIM9_IRQHandler
                0x080050e8                DCMI_IRQHandler
                0x080050e8                CAN2_RX0_IRQHandler
                0x080050e8                DMA2_Stream3_IRQHandler
                0x080050e8                USART6_IRQHandler
                0x080050e8                USART3_IRQHandler
                0x080050e8                CAN1_RX1_IRQHandler
                0x080050e8                UART5_IRQHandler
                0x080050e8                DMA2_Stream0_IRQHandler
                0x080050e8                TIM4_IRQHandler
                0x080050e8                I2C1_EV_IRQHandler
                0x080050e8                DMA1_Stream6_IRQHandler
                0x080050e8                DMA1_Stream1_IRQHandler
                0x080050e8                UART4_IRQHandler
                0x080050e8                TIM3_IRQHandler
                0x080050e8                RCC_IRQHandler
                0x080050e8                TIM8_BRK_TIM12_IRQHandler
                0x080050e8                Default_Handler
                0x080050e8                EXTI15_10_IRQHandler
                0x080050e8                ADC_IRQHandler
                0x080050e8                DMA1_Stream7_IRQHandler
                0x080050e8                TIM7_IRQHandler
                0x080050e8                CAN2_TX_IRQHandler
                0x080050e8                TIM5_IRQHandler
                0x080050e8                DMA2_Stream7_IRQHandler
                0x080050e8                I2C3_EV_IRQHandler
                0x080050e8                EXTI9_5_IRQHandler
                0x080050e8                RTC_WKUP_IRQHandler
                0x080050e8                ETH_WKUP_IRQHandler
                0x080050e8                SPI2_IRQHandler
                0x080050e8                OTG_HS_EP1_IN_IRQHandler
                0x080050e8                DMA1_Stream0_IRQHandler
                0x080050e8                CAN1_TX_IRQHandler
                0x080050e8                EXTI4_IRQHandler
                0x080050e8                FSMC_IRQHandler
                0x080050e8                ETH_IRQHandler
                0x080050e8                OTG_HS_EP1_OUT_IRQHandler
                0x080050e8                WWDG_IRQHandler
                0x080050e8                TIM2_IRQHandler
                0x080050e8                OTG_FS_WKUP_IRQHandler
                0x080050e8                TIM1_TRG_COM_TIM11_IRQHandler
                0x080050e8                OTG_HS_IRQHandler
                0x080050e8                EXTI1_IRQHandler
                0x080050e8                I2C2_ER_IRQHandler
                0x080050e8                DMA2_Stream1_IRQHandler
                0x080050e8                CAN1_SCE_IRQHandler
                0x080050e8                FLASH_IRQHandler
                0x080050e8                DMA2_Stream4_IRQHandler
                0x080050e8                USART1_IRQHandler
                0x080050e8                OTG_FS_IRQHandler
                0x080050e8                SPI3_IRQHandler
                0x080050e8                DMA1_Stream4_IRQHandler
                0x080050e8                I2C1_ER_IRQHandler
                0x080050e8                DMA2_Stream6_IRQHandler
                0x080050e8                DMA1_Stream3_IRQHandler
 *fill*         0x080050ea        0x2 
 .text.HAL_Init
                0x080050ec       0x44 ./Drivers/STM32F4xx_HAL_Driver/Src/stm32f4xx_hal.o
                0x080050ec                HAL_Init
 .text.HAL_InitTick
                0x08005130       0x60 ./Drivers/STM32F4xx_HAL_Driver/Src/stm32f4xx_hal.o
                0x08005130                HAL_InitTick
 .text.HAL_IncTick
                0x08005190       0x28 ./Drivers/STM32F4xx_HAL_Driver/Src/stm32f4xx_hal.o
                0x08005190                HAL_IncTick
 .text.HAL_GetTick
                0x080051b8       0x18 ./Drivers/STM32F4xx_HAL_Driver/Src/stm32f4xx_hal.o
                0x080051b8                HAL_GetTick
 .text.HAL_CAN_Init
                0x080051d0      0x1f6 ./Drivers/STM32F4xx_HAL_Driver/Src/stm32f4xx_hal_can.o
                0x080051d0                HAL_CAN_Init
 *fill*         0x080053c6        0x2 
 .text.HAL_CAN_ConfigFilter
                0x080053c8      0x1bc ./Drivers/STM32F4xx_HAL_Driver/Src/stm32f4xx_hal_can.o
                0x080053c8                HAL_CAN_ConfigFilter
 .text.HAL_CAN_Start
                0x08005584       0x88 ./Drivers/STM32F4xx_HAL_Driver/Src/stm32f4xx_hal_can.o
                0x08005584                HAL_CAN_Start
 .text.HAL_CAN_AddTxMessage
                0x0800560c      0x1a0 ./Drivers/STM32F4xx_HAL_Driver/Src/stm32f4xx_hal_can.o
                0x0800560c                HAL_CAN_AddTxMessage
 .text.HAL_CAN_GetRxMessage
                0x080057ac      0x244 ./Drivers/STM32F4xx_HAL_Driver/Src/stm32f4xx_hal_can.o
                0x080057ac                HAL_CAN_GetRxMessage
 .text.HAL_CAN_ActivateNotification
                0x080059f0       0x4c ./Drivers/STM32F4xx_HAL_Driver/Src/stm32f4xx_hal_can.o
                0x080059f0                HAL_CAN_ActivateNotification
 .text.HAL_CAN_DeactivateNotification
                0x08005a3c       0x4e ./Drivers/STM32F4xx_HAL_Driver/Src/stm32f4xx_hal_can.o
                0x08005a3c                HAL_CAN_DeactivateNotification
 .text.HAL_CAN_IRQHandler
                0x08005a8a      0x36e ./Drivers/STM32F4xx_HAL_Driver/Src/stm32f4xx_hal_can.o
                0x08005a8a                HAL_CAN_IRQHandler
 .text.HAL_CAN_TxMailbox1CompleteCallback
                0x08005df8       0x14 ./Drivers/STM32F4xx_HAL_Driver/Src/stm32f4xx_hal_can.o
                0x08005df8                HAL_CAN_TxMailbox1CompleteCallback
 .text.HAL_CAN_TxMailbox2CompleteCallback
                0x08005e0c       0x14 ./Drivers/STM32F4xx_HAL_Driver/Src/stm32f4xx_hal_can.o
                0x08005e0c                HAL_CAN_TxMailbox2CompleteCallback
 .text.HAL_CAN_TxMailbox0AbortCallback
                0x08005e20       0x14 ./Drivers/STM32F4xx_HAL_Driver/Src/stm32f4xx_hal_can.o
                0x08005e20                HAL_CAN_TxMailbox0AbortCallback
 .text.HAL_CAN_TxMailbox1AbortCallback
                0x08005e34       0x14 ./Drivers/STM32F4xx_HAL_Driver/Src/stm32f4xx_hal_can.o
                0x08005e34                HAL_CAN_TxMailbox1AbortCallback
 .text.HAL_CAN_TxMailbox2AbortCallback
                0x08005e48       0x14 ./Drivers/STM32F4xx_HAL_Driver/Src/stm32f4xx_hal_can.o
                0x08005e48                HAL_CAN_TxMailbox2AbortCallback
 .text.HAL_CAN_RxFifo0FullCallback
                0x08005e5c       0x14 ./Drivers/STM32F4xx_HAL_Driver/Src/stm32f4xx_hal_can.o
                0x08005e5c                HAL_CAN_RxFifo0FullCallback
 .text.HAL_CAN_RxFifo1MsgPendingCallback
                0x08005e70       0x14 ./Drivers/STM32F4xx_HAL_Driver/Src/stm32f4xx_hal_can.o
                0x08005e70                HAL_CAN_RxFifo1MsgPendingCallback
 .text.HAL_CAN_RxFifo1FullCallback
                0x08005e84       0x14 ./Drivers/STM32F4xx_HAL_Driver/Src/stm32f4xx_hal_can.o
                0x08005e84                HAL_CAN_RxFifo1FullCallback
 .text.HAL_CAN_SleepCallback
                0x08005e98       0x14 ./Drivers/STM32F4xx_HAL_Driver/Src/stm32f4xx_hal_can.o
                0x08005e98                HAL_CAN_SleepCallback
 .text.HAL_CAN_WakeUpFromRxMsgCallback
                0x08005eac       0x14 ./Drivers/STM32F4xx_HAL_Driver/Src/stm32f4xx_hal_can.o
                0x08005eac                HAL_CAN_WakeUpFromRxMsgCallback
 .text.HAL_CAN_ErrorCallback
                0x08005ec0       0x14 ./Drivers/STM32F4xx_HAL_Driver/Src/stm32f4xx_hal_can.o
                0x08005ec0                HAL_CAN_ErrorCallback
 .text.__NVIC_SetPriorityGrouping
                0x08005ed4       0x48 ./Drivers/STM32F4xx_HAL_Driver/Src/stm32f4xx_hal_cortex.o
 .text.__NVIC_GetPriorityGrouping
                0x08005f1c       0x1c ./Drivers/STM32F4xx_HAL_Driver/Src/stm32f4xx_hal_cortex.o
 .text.__NVIC_EnableIRQ
                0x08005f38       0x3c ./Drivers/STM32F4xx_HAL_Driver/Src/stm32f4xx_hal_cortex.o
 .text.__NVIC_SetPriority
                0x08005f74       0x54 ./Drivers/STM32F4xx_HAL_Driver/Src/stm32f4xx_hal_cortex.o
 .text.NVIC_EncodePriority
                0x08005fc8       0x66 ./Drivers/STM32F4xx_HAL_Driver/Src/stm32f4xx_hal_cortex.o
 *fill*         0x0800602e        0x2 
 .text.SysTick_Config
                0x08006030       0x44 ./Drivers/STM32F4xx_HAL_Driver/Src/stm32f4xx_hal_cortex.o
 .text.HAL_NVIC_SetPriorityGrouping
                0x08006074       0x16 ./Drivers/STM32F4xx_HAL_Driver/Src/stm32f4xx_hal_cortex.o
                0x08006074                HAL_NVIC_SetPriorityGrouping
 .text.HAL_NVIC_SetPriority
                0x0800608a       0x38 ./Drivers/STM32F4xx_HAL_Driver/Src/stm32f4xx_hal_cortex.o
                0x0800608a                HAL_NVIC_SetPriority
 .text.HAL_NVIC_EnableIRQ
                0x080060c2       0x1c ./Drivers/STM32F4xx_HAL_Driver/Src/stm32f4xx_hal_cortex.o
                0x080060c2                HAL_NVIC_EnableIRQ
 .text.HAL_SYSTICK_Config
                0x080060de       0x18 ./Drivers/STM32F4xx_HAL_Driver/Src/stm32f4xx_hal_cortex.o
                0x080060de                HAL_SYSTICK_Config
 .text.HAL_DMA_Abort
                0x080060f6       0xe0 ./Drivers/STM32F4xx_HAL_Driver/Src/stm32f4xx_hal_dma.o
                0x080060f6                HAL_DMA_Abort
 .text.HAL_DMA_Abort_IT
                0x080061d6       0x44 ./Drivers/STM32F4xx_HAL_Driver/Src/stm32f4xx_hal_dma.o
                0x080061d6                HAL_DMA_Abort_IT
 *fill*         0x0800621a        0x2 
 .text.HAL_GPIO_Init
                0x0800621c      0x338 ./Drivers/STM32F4xx_HAL_Driver/Src/stm32f4xx_hal_gpio.o
                0x0800621c                HAL_GPIO_Init
 .text.HAL_PWR_EnterSTOPMode
                0x08006554       0x60 ./Drivers/STM32F4xx_HAL_Driver/Src/stm32f4xx_hal_pwr.o
                0x08006554                HAL_PWR_EnterSTOPMode
 .text.HAL_RCC_OscConfig
                0x080065b4      0x4f0 ./Drivers/STM32F4xx_HAL_Driver/Src/stm32f4xx_hal_rcc.o
                0x080065b4                HAL_RCC_OscConfig
 .text.HAL_RCC_ClockConfig
                0x08006aa4      0x1cc ./Drivers/STM32F4xx_HAL_Driver/Src/stm32f4xx_hal_rcc.o
                0x08006aa4                HAL_RCC_ClockConfig
 .text.HAL_RCC_GetSysClockFreq
                0x08006c70      0x20c ./Drivers/STM32F4xx_HAL_Driver/Src/stm32f4xx_hal_rcc.o
                0x08006c70                HAL_RCC_GetSysClockFreq
 .text.HAL_RCC_GetHCLKFreq
                0x08006e7c       0x18 ./Drivers/STM32F4xx_HAL_Driver/Src/stm32f4xx_hal_rcc.o
                0x08006e7c                HAL_RCC_GetHCLKFreq
 .text.HAL_RCC_GetPCLK1Freq
                0x08006e94       0x28 ./Drivers/STM32F4xx_HAL_Driver/Src/stm32f4xx_hal_rcc.o
                0x08006e94                HAL_RCC_GetPCLK1Freq
 .text.HAL_RCC_GetPCLK2Freq
                0x08006ebc       0x28 ./Drivers/STM32F4xx_HAL_Driver/Src/stm32f4xx_hal_rcc.o
                0x08006ebc                HAL_RCC_GetPCLK2Freq
 .text.HAL_UART_Init
                0x08006ee4       0xa0 ./Drivers/STM32F4xx_HAL_Driver/Src/stm32f4xx_hal_uart.o
                0x08006ee4                HAL_UART_Init
 .text.HAL_UART_Transmit
                0x08006f84      0x116 ./Drivers/STM32F4xx_HAL_Driver/Src/stm32f4xx_hal_uart.o
                0x08006f84                HAL_UART_Transmit
 *fill*         0x0800709a        0x2 
 .text.HAL_UART_IRQHandler
                0x0800709c      0x554 ./Drivers/STM32F4xx_HAL_Driver/Src/stm32f4xx_hal_uart.o
                0x0800709c                HAL_UART_IRQHandler
 .text.HAL_UART_TxCpltCallback
                0x080075f0       0x14 ./Drivers/STM32F4xx_HAL_Driver/Src/stm32f4xx_hal_uart.o
                0x080075f0                HAL_UART_TxCpltCallback
 .text.HAL_UART_RxCpltCallback
                0x08007604       0x14 ./Drivers/STM32F4xx_HAL_Driver/Src/stm32f4xx_hal_uart.o
                0x08007604                HAL_UART_RxCpltCallback
 .text.HAL_UART_ErrorCallback
                0x08007618       0x14 ./Drivers/STM32F4xx_HAL_Driver/Src/stm32f4xx_hal_uart.o
                0x08007618                HAL_UART_ErrorCallback
 .text.HAL_UARTEx_RxEventCallback
                0x0800762c       0x18 ./Drivers/STM32F4xx_HAL_Driver/Src/stm32f4xx_hal_uart.o
                0x0800762c                HAL_UARTEx_RxEventCallback
 .text.UART_WaitOnFlagUntilTimeout
                0x08007644       0xb2 ./Drivers/STM32F4xx_HAL_Driver/Src/stm32f4xx_hal_uart.o
 .text.UART_EndRxTransfer
                0x080076f6       0xc6 ./Drivers/STM32F4xx_HAL_Driver/Src/stm32f4xx_hal_uart.o
 .text.UART_DMAAbortOnError
                0x080077bc       0x22 ./Drivers/STM32F4xx_HAL_Driver/Src/stm32f4xx_hal_uart.o
 .text.UART_Transmit_IT
                0x080077de       0xa0 ./Drivers/STM32F4xx_HAL_Driver/Src/stm32f4xx_hal_uart.o
 .text.UART_EndTransmit_IT
                0x0800787e       0x30 ./Drivers/STM32F4xx_HAL_Driver/Src/stm32f4xx_hal_uart.o
 .text.UART_Receive_IT
                0x080078ae      0x17c ./Drivers/STM32F4xx_HAL_Driver/Src/stm32f4xx_hal_uart.o
 *fill*         0x08007a2a        0x2 
 .text.UART_SetConfig
                0x08007a2c      0x4e8 ./Drivers/STM32F4xx_HAL_Driver/Src/stm32f4xx_hal_uart.o
 .text.malloc   0x08007f14       0x10 C:/ST/STM32CubeIDE_1.18.1/STM32CubeIDE/plugins/com.st.stm32cube.ide.mcu.externaltools.gnu-tools-for-stm32.13.3.rel1.win32_1.0.0.202411081344/tools/bin/../lib/gcc/arm-none-eabi/13.3.1/../../../../arm-none-eabi/lib/thumb/v7e-m+fp/hard\libc_nano.a(libc_a-malloc.o)
                0x08007f14                malloc
 .text.free     0x08007f24       0x10 C:/ST/STM32CubeIDE_1.18.1/STM32CubeIDE/plugins/com.st.stm32cube.ide.mcu.externaltools.gnu-tools-for-stm32.13.3.rel1.win32_1.0.0.202411081344/tools/bin/../lib/gcc/arm-none-eabi/13.3.1/../../../../arm-none-eabi/lib/thumb/v7e-m+fp/hard\libc_nano.a(libc_a-malloc.o)
                0x08007f24                free
 .text.sbrk_aligned
                0x08007f34       0x44 C:/ST/STM32CubeIDE_1.18.1/STM32CubeIDE/plugins/com.st.stm32cube.ide.mcu.externaltools.gnu-tools-for-stm32.13.3.rel1.win32_1.0.0.202411081344/tools/bin/../lib/gcc/arm-none-eabi/13.3.1/../../../../arm-none-eabi/lib/thumb/v7e-m+fp/hard\libc_nano.a(libc_a-mallocr.o)
 .text._malloc_r
                0x08007f78      0x100 C:/ST/STM32CubeIDE_1.18.1/STM32CubeIDE/plugins/com.st.stm32cube.ide.mcu.externaltools.gnu-tools-for-stm32.13.3.rel1.win32_1.0.0.202411081344/tools/bin/../lib/gcc/arm-none-eabi/13.3.1/../../../../arm-none-eabi/lib/thumb/v7e-m+fp/hard\libc_nano.a(libc_a-mallocr.o)
                0x08007f78                _malloc_r
 .text.__malloc_lock
                0x08008078        0xc C:/ST/STM32CubeIDE_1.18.1/STM32CubeIDE/plugins/com.st.stm32cube.ide.mcu.externaltools.gnu-tools-for-stm32.13.3.rel1.win32_1.0.0.202411081344/tools/bin/../lib/gcc/arm-none-eabi/13.3.1/../../../../arm-none-eabi/lib/thumb/v7e-m+fp/hard\libc_nano.a(libc_a-mlock.o)
                0x08008078                __malloc_lock
 .text.__malloc_unlock
                0x08008084        0xc C:/ST/STM32CubeIDE_1.18.1/STM32CubeIDE/plugins/com.st.stm32cube.ide.mcu.externaltools.gnu-tools-for-stm32.13.3.rel1.win32_1.0.0.202411081344/tools/bin/../lib/gcc/arm-none-eabi/13.3.1/../../../../arm-none-eabi/lib/thumb/v7e-m+fp/hard\libc_nano.a(libc_a-mlock.o)
                0x08008084                __malloc_unlock
 .text.sprintf  0x08008090       0x44 C:/ST/STM32CubeIDE_1.18.1/STM32CubeIDE/plugins/com.st.stm32cube.ide.mcu.externaltools.gnu-tools-for-stm32.13.3.rel1.win32_1.0.0.202411081344/tools/bin/../lib/gcc/arm-none-eabi/13.3.1/../../../../arm-none-eabi/lib/thumb/v7e-m+fp/hard\libc_nano.a(libc_a-sprintf.o)
                0x08008090                siprintf
                0x08008090                sprintf
 .text.memset   0x080080d4       0x10 C:/ST/STM32CubeIDE_1.18.1/STM32CubeIDE/plugins/com.st.stm32cube.ide.mcu.externaltools.gnu-tools-for-stm32.13.3.rel1.win32_1.0.0.202411081344/tools/bin/../lib/gcc/arm-none-eabi/13.3.1/../../../../arm-none-eabi/lib/thumb/v7e-m+fp/hard\libc_nano.a(libc_a-memset.o)
                0x080080d4                memset
 .text._sbrk_r  0x080080e4       0x20 C:/ST/STM32CubeIDE_1.18.1/STM32CubeIDE/plugins/com.st.stm32cube.ide.mcu.externaltools.gnu-tools-for-stm32.13.3.rel1.win32_1.0.0.202411081344/tools/bin/../lib/gcc/arm-none-eabi/13.3.1/../../../../arm-none-eabi/lib/thumb/v7e-m+fp/hard\libc_nano.a(libc_a-sbrkr.o)
                0x080080e4                _sbrk_r
 .text.__errno  0x08008104        0xc C:/ST/STM32CubeIDE_1.18.1/STM32CubeIDE/plugins/com.st.stm32cube.ide.mcu.externaltools.gnu-tools-for-stm32.13.3.rel1.win32_1.0.0.202411081344/tools/bin/../lib/gcc/arm-none-eabi/13.3.1/../../../../arm-none-eabi/lib/thumb/v7e-m+fp/hard\libc_nano.a(libc_a-errno.o)
                0x08008104                __errno
 .text.__libc_init_array
                0x08008110       0x48 C:/ST/STM32CubeIDE_1.18.1/STM32CubeIDE/plugins/com.st.stm32cube.ide.mcu.externaltools.gnu-tools-for-stm32.13.3.rel1.win32_1.0.0.202411081344/tools/bin/../lib/gcc/arm-none-eabi/13.3.1/../../../../arm-none-eabi/lib/thumb/v7e-m+fp/hard\libc_nano.a(libc_a-init.o)
                0x08008110                __libc_init_array
 .text.__retarget_lock_acquire_recursive
                0x08008158        0x2 C:/ST/STM32CubeIDE_1.18.1/STM32CubeIDE/plugins/com.st.stm32cube.ide.mcu.externaltools.gnu-tools-for-stm32.13.3.rel1.win32_1.0.0.202411081344/tools/bin/../lib/gcc/arm-none-eabi/13.3.1/../../../../arm-none-eabi/lib/thumb/v7e-m+fp/hard\libc_nano.a(libc_a-lock.o)
                0x08008158                __retarget_lock_acquire_recursive
 .text.__retarget_lock_release_recursive
                0x0800815a        0x2 C:/ST/STM32CubeIDE_1.18.1/STM32CubeIDE/plugins/com.st.stm32cube.ide.mcu.externaltools.gnu-tools-for-stm32.13.3.rel1.win32_1.0.0.202411081344/tools/bin/../lib/gcc/arm-none-eabi/13.3.1/../../../../arm-none-eabi/lib/thumb/v7e-m+fp/hard\libc_nano.a(libc_a-lock.o)
                0x0800815a                __retarget_lock_release_recursive
 .text.memcpy   0x0800815c       0x1c C:/ST/STM32CubeIDE_1.18.1/STM32CubeIDE/plugins/com.st.stm32cube.ide.mcu.externaltools.gnu-tools-for-stm32.13.3.rel1.win32_1.0.0.202411081344/tools/bin/../lib/gcc/arm-none-eabi/13.3.1/../../../../arm-none-eabi/lib/thumb/v7e-m+fp/hard\libc_nano.a(libc_a-memcpy-stub.o)
                0x0800815c                memcpy
 .text._free_r  0x08008178       0x94 C:/ST/STM32CubeIDE_1.18.1/STM32CubeIDE/plugins/com.st.stm32cube.ide.mcu.externaltools.gnu-tools-for-stm32.13.3.rel1.win32_1.0.0.202411081344/tools/bin/../lib/gcc/arm-none-eabi/13.3.1/../../../../arm-none-eabi/lib/thumb/v7e-m+fp/hard\libc_nano.a(libc_a-freer.o)
                0x08008178                _free_r
 .text.__ssputs_r
                0x0800820c       0xb6 C:/ST/STM32CubeIDE_1.18.1/STM32CubeIDE/plugins/com.st.stm32cube.ide.mcu.externaltools.gnu-tools-for-stm32.13.3.rel1.win32_1.0.0.202411081344/tools/bin/../lib/gcc/arm-none-eabi/13.3.1/../../../../arm-none-eabi/lib/thumb/v7e-m+fp/hard\libc_nano.a(libc_a-nano-svfprintf.o)
                0x0800820c                __ssputs_r
 *fill*         0x080082c2        0x2 
 .text._svfprintf_r
                0x080082c4      0x1f8 C:/ST/STM32CubeIDE_1.18.1/STM32CubeIDE/plugins/com.st.stm32cube.ide.mcu.externaltools.gnu-tools-for-stm32.13.3.rel1.win32_1.0.0.202411081344/tools/bin/../lib/gcc/arm-none-eabi/13.3.1/../../../../arm-none-eabi/lib/thumb/v7e-m+fp/hard\libc_nano.a(libc_a-nano-svfprintf.o)
                0x080082c4                _svfiprintf_r
                0x080082c4                _svfprintf_r
 .text._printf_common
                0x080084bc       0xda C:/ST/STM32CubeIDE_1.18.1/STM32CubeIDE/plugins/com.st.stm32cube.ide.mcu.externaltools.gnu-tools-for-stm32.13.3.rel1.win32_1.0.0.202411081344/tools/bin/../lib/gcc/arm-none-eabi/13.3.1/../../../../arm-none-eabi/lib/thumb/v7e-m+fp/hard\libc_nano.a(libc_a-nano-vfprintf_i.o)
                0x080084bc                _printf_common
 *fill*         0x08008596        0x2 
 .text._printf_i
                0x08008598      0x23c C:/ST/STM32CubeIDE_1.18.1/STM32CubeIDE/plugins/com.st.stm32cube.ide.mcu.externaltools.gnu-tools-for-stm32.13.3.rel1.win32_1.0.0.202411081344/tools/bin/../lib/gcc/arm-none-eabi/13.3.1/../../../../arm-none-eabi/lib/thumb/v7e-m+fp/hard\libc_nano.a(libc_a-nano-vfprintf_i.o)
                0x08008598                _printf_i
 .text.memmove  0x080087d4       0x34 C:/ST/STM32CubeIDE_1.18.1/STM32CubeIDE/plugins/com.st.stm32cube.ide.mcu.externaltools.gnu-tools-for-stm32.13.3.rel1.win32_1.0.0.202411081344/tools/bin/../lib/gcc/arm-none-eabi/13.3.1/../../../../arm-none-eabi/lib/thumb/v7e-m+fp/hard\libc_nano.a(libc_a-memmove.o)
                0x080087d4                memmove
 .text._realloc_r
                0x08008808       0x5c C:/ST/STM32CubeIDE_1.18.1/STM32CubeIDE/plugins/com.st.stm32cube.ide.mcu.externaltools.gnu-tools-for-stm32.13.3.rel1.win32_1.0.0.202411081344/tools/bin/../lib/gcc/arm-none-eabi/13.3.1/../../../../arm-none-eabi/lib/thumb/v7e-m+fp/hard\libc_nano.a(libc_a-reallocr.o)
                0x08008808                _realloc_r
 .text._malloc_usable_size_r
                0x08008864       0x10 C:/ST/STM32CubeIDE_1.18.1/STM32CubeIDE/plugins/com.st.stm32cube.ide.mcu.externaltools.gnu-tools-for-stm32.13.3.rel1.win32_1.0.0.202411081344/tools/bin/../lib/gcc/arm-none-eabi/13.3.1/../../../../arm-none-eabi/lib/thumb/v7e-m+fp/hard\libc_nano.a(libc_a-msizer.o)
                0x08008864                _malloc_usable_size_r
 *(.glue_7)
 .glue_7        0x08008874        0x0 linker stubs
 *(.glue_7t)
 .glue_7t       0x08008874        0x0 linker stubs
 *(.eh_frame)
 .eh_frame      0x08008874        0x0 C:/ST/STM32CubeIDE_1.18.1/STM32CubeIDE/plugins/com.st.stm32cube.ide.mcu.externaltools.gnu-tools-for-stm32.13.3.rel1.win32_1.0.0.202411081344/tools/bin/../lib/gcc/arm-none-eabi/13.3.1/thumb/v7e-m+fp/hard/crtbegin.o
 *(.init)
 .init          0x08008874        0x4 C:/ST/STM32CubeIDE_1.18.1/STM32CubeIDE/plugins/com.st.stm32cube.ide.mcu.externaltools.gnu-tools-for-stm32.13.3.rel1.win32_1.0.0.202411081344/tools/bin/../lib/gcc/arm-none-eabi/13.3.1/thumb/v7e-m+fp/hard/crti.o
                0x08008874                _init
 .init          0x08008878        0x8 C:/ST/STM32CubeIDE_1.18.1/STM32CubeIDE/plugins/com.st.stm32cube.ide.mcu.externaltools.gnu-tools-for-stm32.13.3.rel1.win32_1.0.0.202411081344/tools/bin/../lib/gcc/arm-none-eabi/13.3.1/thumb/v7e-m+fp/hard/crtn.o
 *(.fini)
 .fini          0x08008880        0x4 C:/ST/STM32CubeIDE_1.18.1/STM32CubeIDE/plugins/com.st.stm32cube.ide.mcu.externaltools.gnu-tools-for-stm32.13.3.rel1.win32_1.0.0.202411081344/tools/bin/../lib/gcc/arm-none-eabi/13.3.1/thumb/v7e-m+fp/hard/crti.o
                0x08008880                _fini
 .fini          0x08008884        0x8 C:/ST/STM32CubeIDE_1.18.1/STM32CubeIDE/plugins/com.st.stm32cube.ide.mcu.externaltools.gnu-tools-for-stm32.13.3.rel1.win32_1.0.0.202411081344/tools/bin/../lib/gcc/arm-none-eabi/13.3.1/thumb/v7e-m+fp/hard/crtn.o
                0x0800888c                        . = ALIGN (0x4)
                0x0800888c                        _etext = .

.vfp11_veneer   0x0800888c        0x0
 .vfp11_veneer  0x0800888c        0x0 linker stubs

.v4_bx          0x0800888c        0x0
 .v4_bx         0x0800888c        0x0 linker stubs

.iplt           0x0800888c        0x0
 .iplt          0x0800888c        0x0 C:/ST/STM32CubeIDE_1.18.1/STM32CubeIDE/plugins/com.st.stm32cube.ide.mcu.externaltools.gnu-tools-for-stm32.13.3.rel1.win32_1.0.0.202411081344/tools/bin/../lib/gcc/arm-none-eabi/13.3.1/thumb/v7e-m+fp/hard/crtbegin.o

.rodata         0x0800888c       0xd4
                0x0800888c                        . = ALIGN (0x4)
 *(.rodata)
 .rodata        0x0800888c       0x85 ./Core/Src/main.o
 *(.rodata*)
 *fill*         0x08008911        0x3 
 .rodata.AHBPrescTable
                0x08008914       0x10 ./Core/Src/system_stm32f4xx.o
                0x08008914                AHBPrescTable
 .rodata.APBPrescTable
                0x08008924        0x8 ./Core/Src/system_stm32f4xx.o
                0x08008924                APBPrescTable
 .rodata._svfprintf_r.str1.1
                0x0800892c       0x33 C:/ST/STM32CubeIDE_1.18.1/STM32CubeIDE/plugins/com.st.stm32cube.ide.mcu.externaltools.gnu-tools-for-stm32.13.3.rel1.win32_1.0.0.202411081344/tools/bin/../lib/gcc/arm-none-eabi/13.3.1/../../../../arm-none-eabi/lib/thumb/v7e-m+fp/hard\libc_nano.a(libc_a-nano-svfprintf.o)
                                 0x11 (size before relaxing)
 .rodata._printf_i.str1.1
                0x0800895f       0x22 C:/ST/STM32CubeIDE_1.18.1/STM32CubeIDE/plugins/com.st.stm32cube.ide.mcu.externaltools.gnu-tools-for-stm32.13.3.rel1.win32_1.0.0.202411081344/tools/bin/../lib/gcc/arm-none-eabi/13.3.1/../../../../arm-none-eabi/lib/thumb/v7e-m+fp/hard\libc_nano.a(libc_a-nano-vfprintf_i.o)
                0x08008984                        . = ALIGN (0x4)
 *fill*         0x0800895f        0x1 

.ARM.extab      0x08008960        0x0
                0x08008960                        . = ALIGN (0x4)
 *(.ARM.extab* .gnu.linkonce.armextab.*)
                0x08008960                        . = ALIGN (0x4)

.ARM            0x08008960        0x8
                0x08008960                        . = ALIGN (0x4)
                0x08008960                        __exidx_start = .
 *(.ARM.exidx*)
 .ARM.exidx     0x08008960        0x8 C:/ST/STM32CubeIDE_1.18.1/STM32CubeIDE/plugins/com.st.stm32cube.ide.mcu.externaltools.gnu-tools-for-stm32.13.3.rel1.win32_1.0.0.202411081344/tools/bin/../lib/gcc/arm-none-eabi/13.3.1/../../../../arm-none-eabi/lib/thumb/v7e-m+fp/hard\libc_nano.a(libc_a-strlen.o)
 .ARM.exidx     0x08008968        0x0 C:/ST/STM32CubeIDE_1.18.1/STM32CubeIDE/plugins/com.st.stm32cube.ide.mcu.externaltools.gnu-tools-for-stm32.13.3.rel1.win32_1.0.0.202411081344/tools/bin/../lib/gcc/arm-none-eabi/13.3.1/../../../../arm-none-eabi/lib/thumb/v7e-m+fp/hard\libc_nano.a(libc_a-memchr.o)
                                  0x8 (size before relaxing)
 .ARM.exidx     0x08008968        0x0 C:/ST/STM32CubeIDE_1.18.1/STM32CubeIDE/plugins/com.st.stm32cube.ide.mcu.externaltools.gnu-tools-for-stm32.13.3.rel1.win32_1.0.0.202411081344/tools/bin/../lib/gcc/arm-none-eabi/13.3.1/thumb/v7e-m+fp/hard\libgcc.a(_udivmoddi4.o)
                                  0x8 (size before relaxing)
                0x08008968                        __exidx_end = .
                0x08008968                        . = ALIGN (0x4)

.preinit_array  0x08008968        0x0
                0x08008968                        . = ALIGN (0x4)
                0x08008968                        PROVIDE (__preinit_array_start = .)
 *(.preinit_array*)
                0x08008968                        PROVIDE (__preinit_array_end = .)
                0x08008968                        . = ALIGN (0x4)

.init_array     0x08008968        0x4
                0x08008968                        . = ALIGN (0x4)
                0x08008968                        PROVIDE (__init_array_start = .)
 *(SORT_BY_NAME(.init_array.*))
 *(.init_array*)
 .init_array    0x08008968        0x4 C:/ST/STM32CubeIDE_1.18.1/STM32CubeIDE/plugins/com.st.stm32cube.ide.mcu.externaltools.gnu-tools-for-stm32.13.3.rel1.win32_1.0.0.202411081344/tools/bin/../lib/gcc/arm-none-eabi/13.3.1/thumb/v7e-m+fp/hard/crtbegin.o
                0x0800896c                        PROVIDE (__init_array_end = .)
                0x0800896c                        . = ALIGN (0x4)

.fini_array     0x0800896c        0x4
                0x0800896c                        . = ALIGN (0x4)
                [!provide]                        PROVIDE (__fini_array_start = .)
 *(SORT_BY_NAME(.fini_array.*))
 *(.fini_array*)
 .fini_array    0x0800896c        0x4 C:/ST/STM32CubeIDE_1.18.1/STM32CubeIDE/plugins/com.st.stm32cube.ide.mcu.externaltools.gnu-tools-for-stm32.13.3.rel1.win32_1.0.0.202411081344/tools/bin/../lib/gcc/arm-none-eabi/13.3.1/thumb/v7e-m+fp/hard/crtbegin.o
                [!provide]                        PROVIDE (__fini_array_end = .)
                0x08008970                        . = ALIGN (0x4)
                0x08008970                        _sidata = LOADADDR (.data)

.rel.dyn        0x08008970        0x0
 .rel.iplt      0x08008970        0x0 C:/ST/STM32CubeIDE_1.18.1/STM32CubeIDE/plugins/com.st.stm32cube.ide.mcu.externaltools.gnu-tools-for-stm32.13.3.rel1.win32_1.0.0.202411081344/tools/bin/../lib/gcc/arm-none-eabi/13.3.1/thumb/v7e-m+fp/hard/crtbegin.o

.data           0x20000000       0xa0 load address 0x08008970
                0x20000000                        . = ALIGN (0x4)
                0x20000000                        _sdata = .
 *(.data)
 *(.data*)
 .data.data_record_1
                0x20000000        0xc ./Core/Src/Data_Transmission_functional_unit.o
                0x20000000                data_record_1
 .data.data_record_2
                0x2000000c        0x2 ./Core/Src/Data_Transmission_functional_unit.o
                0x2000000c                data_record_2
 *fill*         0x2000000e        0x2 
 .data.data_record_3
                0x20000010        0x2 ./Core/Src/Data_Transmission_functional_unit.o
                0x20000010                data_record_3
 *fill*         0x20000012        0x2 
 .data.uds_session
                0x20000014        0x8 ./Core/Src/Diagnostic_Communication_Management_functional_unit.o
                0x20000014                uds_session
 .data.security_seed_lvl1
                0x2000001c        0x2 ./Core/Src/Diagnostic_Communication_Management_functional_unit.o
                0x2000001c                security_seed_lvl1
 *fill*         0x2000001e        0x2 
 .data.security_key_lvl1
                0x20000020        0x2 ./Core/Src/Diagnostic_Communication_Management_functional_unit.o
                0x20000020                security_key_lvl1
 *fill*         0x20000022        0x2 
 .data.security_seed_lvl2
                0x20000024        0x2 ./Core/Src/Diagnostic_Communication_Management_functional_unit.o
                0x20000024                security_seed_lvl2
 *fill*         0x20000026        0x2 
 .data.security_key_lvl2
                0x20000028        0x2 ./Core/Src/Diagnostic_Communication_Management_functional_unit.o
                0x20000028                security_key_lvl2
 *fill*         0x2000002a        0x2 
 .data.timing_params
                0x2000002c        0x4 ./Core/Src/Diagnostic_Communication_Management_functional_unit.o
                0x2000002c                timing_params
 .data.current_session
                0x20000030       0x11 ./Core/Src/Diagnostic_Communication_Management_functional_unit.o
                0x20000030                current_session
 .data.dtc_update_enabled
                0x20000041        0x1 ./Core/Src/Diagnostic_Communication_Management_functional_unit.o
                0x20000041                dtc_update_enabled
 .data.rx_next_sn
                0x20000042        0x1 ./Core/Src/can_tp.o
 .data.tx_next_sn
                0x20000043        0x1 ./Core/Src/can_tp.o
 .data.SystemCoreClock
                0x20000044        0x4 ./Core/Src/system_stm32f4xx.o
                0x20000044                SystemCoreClock
 .data.uwTickPrio
                0x20000048        0x4 ./Drivers/STM32F4xx_HAL_Driver/Src/stm32f4xx_hal.o
                0x20000048                uwTickPrio
 .data.uwTickFreq
                0x2000004c        0x1 ./Drivers/STM32F4xx_HAL_Driver/Src/stm32f4xx_hal.o
                0x2000004c                uwTickFreq
 *fill*         0x2000004d        0x3 
 .data._impure_ptr
                0x20000050        0x4 C:/ST/STM32CubeIDE_1.18.1/STM32CubeIDE/plugins/com.st.stm32cube.ide.mcu.externaltools.gnu-tools-for-stm32.13.3.rel1.win32_1.0.0.202411081344/tools/bin/../lib/gcc/arm-none-eabi/13.3.1/../../../../arm-none-eabi/lib/thumb/v7e-m+fp/hard\libc_nano.a(libc_a-impure.o)
                0x20000050                _impure_ptr
 .data._impure_data
                0x20000054       0x4c C:/ST/STM32CubeIDE_1.18.1/STM32CubeIDE/plugins/com.st.stm32cube.ide.mcu.externaltools.gnu-tools-for-stm32.13.3.rel1.win32_1.0.0.202411081344/tools/bin/../lib/gcc/arm-none-eabi/13.3.1/../../../../arm-none-eabi/lib/thumb/v7e-m+fp/hard\libc_nano.a(libc_a-impure.o)
                0x20000054                _impure_data
 *(.RamFunc)
 *(.RamFunc*)
                0x200000a0                        . = ALIGN (0x4)
                0x200000a0                        _edata = .
                0x08008a10                        _siccmram = LOADADDR (.ccmram)

.igot.plt       0x200000a0        0x0 load address 0x08008a10
 .igot.plt      0x200000a0        0x0 C:/ST/STM32CubeIDE_1.18.1/STM32CubeIDE/plugins/com.st.stm32cube.ide.mcu.externaltools.gnu-tools-for-stm32.13.3.rel1.win32_1.0.0.202411081344/tools/bin/../lib/gcc/arm-none-eabi/13.3.1/thumb/v7e-m+fp/hard/crtbegin.o

.ccmram         0x10000000        0x0 load address 0x08008a10
                0x10000000                        . = ALIGN (0x4)
                0x10000000                        _sccmram = .
 *(.ccmram)
 *(.ccmram*)
                0x10000000                        . = ALIGN (0x4)
                0x10000000                        _eccmram = .
                0x10000000                        . = ALIGN (0x4)

.bss            0x200000a0    0x1b330
                0x200000a0                        _sbss = .
                0x200000a0                        __bss_start__ = _sbss
 *(.bss)
 .bss           0x200000a0       0x1c C:/ST/STM32CubeIDE_1.18.1/STM32CubeIDE/plugins/com.st.stm32cube.ide.mcu.externaltools.gnu-tools-for-stm32.13.3.rel1.win32_1.0.0.202411081344/tools/bin/../lib/gcc/arm-none-eabi/13.3.1/thumb/v7e-m+fp/hard/crtbegin.o
 *(.bss*)
 .bss.periodic_pid_list
                0x200000bc       0x30 ./Core/Src/Data_Transmission_functional_unit.o
                0x200000bc                periodic_pid_list
 .bss.did_storage
                0x200000ec       0x40 ./Core/Src/Data_Transmission_functional_unit.o
                0x200000ec                did_storage
 .bss.timing_para
                0x2000012c        0x4 ./Core/Src/Diagnostic_Communication_Management_functional_unit.o
                0x2000012c                timing_para
 .bss.events    0x20000130       0x50 ./Core/Src/Diagnostic_Communication_Management_functional_unit.o
                0x20000130                events
 .bss.link_control
                0x20000180        0x4 ./Core/Src/Diagnostic_Communication_Management_functional_unit.o
                0x20000180                link_control
 .bss.stored_dtc_list
                0x20000184     0x8f70 ./Core/Src/Stored_Data_Transmission_functional_unit.o
                0x20000184                stored_dtc_list
 .bss.mirror_dtc_list
                0x200090f4     0x8f70 ./Core/Src/Stored_Data_Transmission_functional_unit.o
                0x200090f4                mirror_dtc_list
 .bss.user_defined_memory_list
                0x20012064     0x8f70 ./Core/Src/Stored_Data_Transmission_functional_unit.o
                0x20012064                user_defined_memory_list
 .bss.lastBlockSequenceCounter.0
                0x2001afd4        0x1 ./Core/Src/Upload_Download_functional_unit.o
 *fill*         0x2001afd5        0x3 
 .bss.rx_buffer
                0x2001afd8      0x100 ./Core/Src/can_tp.o
 .bss.rx_expected_len
                0x2001b0d8        0x2 ./Core/Src/can_tp.o
 .bss.rx_current_len
                0x2001b0da        0x2 ./Core/Src/can_tp.o
 .bss.rx_in_progress
                0x2001b0dc        0x1 ./Core/Src/can_tp.o
 *fill*         0x2001b0dd        0x3 
 .bss.tx_buffer
                0x2001b0e0      0x100 ./Core/Src/can_tp.o
 .bss.tx_total_len
                0x2001b1e0        0x2 ./Core/Src/can_tp.o
 .bss.tx_sent_len
                0x2001b1e2        0x2 ./Core/Src/can_tp.o
 .bss.tx_in_progress
                0x2001b1e4        0x1 ./Core/Src/can_tp.o
 *fill*         0x2001b1e5        0x3 
 .bss.tx_can_id
                0x2001b1e8        0x4 ./Core/Src/can_tp.o
 .bss.tx_wait_fc
                0x2001b1ec        0x1 ./Core/Src/can_tp.o
 *fill*         0x2001b1ed        0x3 
 .bss.hcan1     0x2001b1f0       0x28 ./Core/Src/main.o
                0x2001b1f0                hcan1
 .bss.huart2    0x2001b218       0x48 ./Core/Src/main.o
                0x2001b218                huart2
 .bss.RxHeader  0x2001b260       0x1c ./Core/Src/main.o
                0x2001b260                RxHeader
 .bss.suppress  0x2001b27c        0x1 ./Core/Src/main.o
                0x2001b27c                suppress
 *fill*         0x2001b27d        0x3 
 .bss.__sbrk_heap_end
                0x2001b280        0x4 ./Core/Src/sysmem.o
 .bss.uwTick    0x2001b284        0x4 ./Drivers/STM32F4xx_HAL_Driver/Src/stm32f4xx_hal.o
                0x2001b284                uwTick
 .bss.__malloc_sbrk_start
                0x2001b288        0x4 C:/ST/STM32CubeIDE_1.18.1/STM32CubeIDE/plugins/com.st.stm32cube.ide.mcu.externaltools.gnu-tools-for-stm32.13.3.rel1.win32_1.0.0.202411081344/tools/bin/../lib/gcc/arm-none-eabi/13.3.1/../../../../arm-none-eabi/lib/thumb/v7e-m+fp/hard\libc_nano.a(libc_a-mallocr.o)
                0x2001b288                __malloc_sbrk_start
 .bss.__malloc_free_list
                0x2001b28c        0x4 C:/ST/STM32CubeIDE_1.18.1/STM32CubeIDE/plugins/com.st.stm32cube.ide.mcu.externaltools.gnu-tools-for-stm32.13.3.rel1.win32_1.0.0.202411081344/tools/bin/../lib/gcc/arm-none-eabi/13.3.1/../../../../arm-none-eabi/lib/thumb/v7e-m+fp/hard\libc_nano.a(libc_a-mallocr.o)
                0x2001b28c                __malloc_free_list
 .bss.__sf      0x2001b290      0x138 C:/ST/STM32CubeIDE_1.18.1/STM32CubeIDE/plugins/com.st.stm32cube.ide.mcu.externaltools.gnu-tools-for-stm32.13.3.rel1.win32_1.0.0.202411081344/tools/bin/../lib/gcc/arm-none-eabi/13.3.1/../../../../arm-none-eabi/lib/thumb/v7e-m+fp/hard\libc_nano.a(libc_a-findfp.o)
                0x2001b290                __sf
 .bss.errno     0x2001b3c8        0x4 C:/ST/STM32CubeIDE_1.18.1/STM32CubeIDE/plugins/com.st.stm32cube.ide.mcu.externaltools.gnu-tools-for-stm32.13.3.rel1.win32_1.0.0.202411081344/tools/bin/../lib/gcc/arm-none-eabi/13.3.1/../../../../arm-none-eabi/lib/thumb/v7e-m+fp/hard\libc_nano.a(libc_a-reent.o)
                0x2001b3c8                errno
 .bss.__lock___malloc_recursive_mutex
                0x2001b3cc        0x1 C:/ST/STM32CubeIDE_1.18.1/STM32CubeIDE/plugins/com.st.stm32cube.ide.mcu.externaltools.gnu-tools-for-stm32.13.3.rel1.win32_1.0.0.202411081344/tools/bin/../lib/gcc/arm-none-eabi/13.3.1/../../../../arm-none-eabi/lib/thumb/v7e-m+fp/hard\libc_nano.a(libc_a-lock.o)
                0x2001b3cc                __lock___malloc_recursive_mutex
 *(COMMON)
                0x2001b3d0                        . = ALIGN (0x4)
 *fill*         0x2001b3cd        0x3 
                0x2001b3d0                        _ebss = .
                0x2001b3d0                        __bss_end__ = _ebss

._user_heap_stack
                0x2001b3d0      0x600
                0x2001b3d0                        . = ALIGN (0x8)
                [!provide]                        PROVIDE (end = .)
                0x2001b3d0                        PROVIDE (_end = .)
                0x2001b5d0                        . = (. + _Min_Heap_Size)
 *fill*         0x2001b3d0      0x200 
                0x2001b9d0                        . = (. + _Min_Stack_Size)
 *fill*         0x2001b5d0      0x400 
                0x2001b9d0                        . = ALIGN (0x8)

/DISCARD/
 libc.a(*)
 libm.a(*)
 libgcc.a(*)

.ARM.attributes
                0x00000000       0x30
 *(.ARM.attributes)
 .ARM.attributes
                0x00000000       0x22 C:/ST/STM32CubeIDE_1.18.1/STM32CubeIDE/plugins/com.st.stm32cube.ide.mcu.externaltools.gnu-tools-for-stm32.13.3.rel1.win32_1.0.0.202411081344/tools/bin/../lib/gcc/arm-none-eabi/13.3.1/thumb/v7e-m+fp/hard/crti.o
 .ARM.attributes
                0x00000022       0x34 C:/ST/STM32CubeIDE_1.18.1/STM32CubeIDE/plugins/com.st.stm32cube.ide.mcu.externaltools.gnu-tools-for-stm32.13.3.rel1.win32_1.0.0.202411081344/tools/bin/../lib/gcc/arm-none-eabi/13.3.1/thumb/v7e-m+fp/hard/crtbegin.o
 .ARM.attributes
                0x00000056       0x34 ./Core/Src/Data_Transmission_functional_unit.o
 .ARM.attributes
                0x0000008a       0x34 ./Core/Src/Diagnostic_Communication_Management_functional_unit.o
 .ARM.attributes
                0x000000be       0x34 ./Core/Src/InputOutput_Control_functional_unit.o
 .ARM.attributes
                0x000000f2       0x34 ./Core/Src/Routine_functional_unit.o
 .ARM.attributes
                0x00000126       0x34 ./Core/Src/Stored_Data_Transmission_functional_unit.o
 .ARM.attributes
                0x0000015a       0x34 ./Core/Src/Upload_Download_functional_unit.o
 .ARM.attributes
                0x0000018e       0x34 ./Core/Src/can_tp.o
 .ARM.attributes
                0x000001c2       0x34 ./Core/Src/main.o
 .ARM.attributes
                0x000001f6       0x34 ./Core/Src/stm32f4xx_hal_msp.o
 .ARM.attributes
                0x0000022a       0x34 ./Core/Src/stm32f4xx_it.o
 .ARM.attributes
                0x0000025e       0x34 ./Core/Src/sysmem.o
 .ARM.attributes
                0x00000292       0x34 ./Core/Src/system_stm32f4xx.o
 .ARM.attributes
                0x000002c6       0x34 ./Core/Src/uds_services_handler_disptcher.o
 .ARM.attributes
                0x000002fa       0x21 ./Core/Startup/startup_stm32f407vgtx.o
 .ARM.attributes
                0x0000031b       0x34 ./Drivers/STM32F4xx_HAL_Driver/Src/stm32f4xx_hal.o
 .ARM.attributes
                0x0000034f       0x34 ./Drivers/STM32F4xx_HAL_Driver/Src/stm32f4xx_hal_can.o
 .ARM.attributes
                0x00000383       0x34 ./Drivers/STM32F4xx_HAL_Driver/Src/stm32f4xx_hal_cortex.o
 .ARM.attributes
                0x000003b7       0x34 ./Drivers/STM32F4xx_HAL_Driver/Src/stm32f4xx_hal_dma.o
 .ARM.attributes
                0x000003eb       0x34 ./Drivers/STM32F4xx_HAL_Driver/Src/stm32f4xx_hal_gpio.o
 .ARM.attributes
                0x0000041f       0x34 ./Drivers/STM32F4xx_HAL_Driver/Src/stm32f4xx_hal_pwr.o
 .ARM.attributes
                0x00000453       0x34 ./Drivers/STM32F4xx_HAL_Driver/Src/stm32f4xx_hal_rcc.o
 .ARM.attributes
                0x00000487       0x34 ./Drivers/STM32F4xx_HAL_Driver/Src/stm32f4xx_hal_uart.o
 .ARM.attributes
                0x000004bb       0x34 C:/ST/STM32CubeIDE_1.18.1/STM32CubeIDE/plugins/com.st.stm32cube.ide.mcu.externaltools.gnu-tools-for-stm32.13.3.rel1.win32_1.0.0.202411081344/tools/bin/../lib/gcc/arm-none-eabi/13.3.1/../../../../arm-none-eabi/lib/thumb/v7e-m+fp/hard\libc_nano.a(libc_a-malloc.o)
 .ARM.attributes
                0x000004ef       0x34 C:/ST/STM32CubeIDE_1.18.1/STM32CubeIDE/plugins/com.st.stm32cube.ide.mcu.externaltools.gnu-tools-for-stm32.13.3.rel1.win32_1.0.0.202411081344/tools/bin/../lib/gcc/arm-none-eabi/13.3.1/../../../../arm-none-eabi/lib/thumb/v7e-m+fp/hard\libc_nano.a(libc_a-mallocr.o)
 .ARM.attributes
                0x00000523       0x34 C:/ST/STM32CubeIDE_1.18.1/STM32CubeIDE/plugins/com.st.stm32cube.ide.mcu.externaltools.gnu-tools-for-stm32.13.3.rel1.win32_1.0.0.202411081344/tools/bin/../lib/gcc/arm-none-eabi/13.3.1/../../../../arm-none-eabi/lib/thumb/v7e-m+fp/hard\libc_nano.a(libc_a-mlock.o)
 .ARM.attributes
                0x00000557       0x34 C:/ST/STM32CubeIDE_1.18.1/STM32CubeIDE/plugins/com.st.stm32cube.ide.mcu.externaltools.gnu-tools-for-stm32.13.3.rel1.win32_1.0.0.202411081344/tools/bin/../lib/gcc/arm-none-eabi/13.3.1/../../../../arm-none-eabi/lib/thumb/v7e-m+fp/hard\libc_nano.a(libc_a-findfp.o)
 .ARM.attributes
                0x0000058b       0x34 C:/ST/STM32CubeIDE_1.18.1/STM32CubeIDE/plugins/com.st.stm32cube.ide.mcu.externaltools.gnu-tools-for-stm32.13.3.rel1.win32_1.0.0.202411081344/tools/bin/../lib/gcc/arm-none-eabi/13.3.1/../../../../arm-none-eabi/lib/thumb/v7e-m+fp/hard\libc_nano.a(libc_a-sprintf.o)
 .ARM.attributes
                0x000005bf       0x34 C:/ST/STM32CubeIDE_1.18.1/STM32CubeIDE/plugins/com.st.stm32cube.ide.mcu.externaltools.gnu-tools-for-stm32.13.3.rel1.win32_1.0.0.202411081344/tools/bin/../lib/gcc/arm-none-eabi/13.3.1/../../../../arm-none-eabi/lib/thumb/v7e-m+fp/hard\libc_nano.a(libc_a-memset.o)
 .ARM.attributes
                0x000005f3       0x34 C:/ST/STM32CubeIDE_1.18.1/STM32CubeIDE/plugins/com.st.stm32cube.ide.mcu.externaltools.gnu-tools-for-stm32.13.3.rel1.win32_1.0.0.202411081344/tools/bin/../lib/gcc/arm-none-eabi/13.3.1/../../../../arm-none-eabi/lib/thumb/v7e-m+fp/hard\libc_nano.a(libc_a-reent.o)
 .ARM.attributes
                0x00000627       0x34 C:/ST/STM32CubeIDE_1.18.1/STM32CubeIDE/plugins/com.st.stm32cube.ide.mcu.externaltools.gnu-tools-for-stm32.13.3.rel1.win32_1.0.0.202411081344/tools/bin/../lib/gcc/arm-none-eabi/13.3.1/../../../../arm-none-eabi/lib/thumb/v7e-m+fp/hard\libc_nano.a(libc_a-impure.o)
 .ARM.attributes
                0x0000065b       0x34 C:/ST/STM32CubeIDE_1.18.1/STM32CubeIDE/plugins/com.st.stm32cube.ide.mcu.externaltools.gnu-tools-for-stm32.13.3.rel1.win32_1.0.0.202411081344/tools/bin/../lib/gcc/arm-none-eabi/13.3.1/../../../../arm-none-eabi/lib/thumb/v7e-m+fp/hard\libc_nano.a(libc_a-sbrkr.o)
 .ARM.attributes
                0x0000068f       0x34 C:/ST/STM32CubeIDE_1.18.1/STM32CubeIDE/plugins/com.st.stm32cube.ide.mcu.externaltools.gnu-tools-for-stm32.13.3.rel1.win32_1.0.0.202411081344/tools/bin/../lib/gcc/arm-none-eabi/13.3.1/../../../../arm-none-eabi/lib/thumb/v7e-m+fp/hard\libc_nano.a(libc_a-errno.o)
 .ARM.attributes
                0x000006c3       0x34 C:/ST/STM32CubeIDE_1.18.1/STM32CubeIDE/plugins/com.st.stm32cube.ide.mcu.externaltools.gnu-tools-for-stm32.13.3.rel1.win32_1.0.0.202411081344/tools/bin/../lib/gcc/arm-none-eabi/13.3.1/../../../../arm-none-eabi/lib/thumb/v7e-m+fp/hard\libc_nano.a(libc_a-init.o)
 .ARM.attributes
                0x000006f7       0x34 C:/ST/STM32CubeIDE_1.18.1/STM32CubeIDE/plugins/com.st.stm32cube.ide.mcu.externaltools.gnu-tools-for-stm32.13.3.rel1.win32_1.0.0.202411081344/tools/bin/../lib/gcc/arm-none-eabi/13.3.1/../../../../arm-none-eabi/lib/thumb/v7e-m+fp/hard\libc_nano.a(libc_a-lock.o)
 .ARM.attributes
                0x0000072b       0x34 C:/ST/STM32CubeIDE_1.18.1/STM32CubeIDE/plugins/com.st.stm32cube.ide.mcu.externaltools.gnu-tools-for-stm32.13.3.rel1.win32_1.0.0.202411081344/tools/bin/../lib/gcc/arm-none-eabi/13.3.1/../../../../arm-none-eabi/lib/thumb/v7e-m+fp/hard\libc_nano.a(libc_a-memcpy-stub.o)
 .ARM.attributes
                0x0000075f       0x17 C:/ST/STM32CubeIDE_1.18.1/STM32CubeIDE/plugins/com.st.stm32cube.ide.mcu.externaltools.gnu-tools-for-stm32.13.3.rel1.win32_1.0.0.202411081344/tools/bin/../lib/gcc/arm-none-eabi/13.3.1/../../../../arm-none-eabi/lib/thumb/v7e-m+fp/hard\libc_nano.a(libc_a-strlen.o)
 .ARM.attributes
                0x00000776       0x34 C:/ST/STM32CubeIDE_1.18.1/STM32CubeIDE/plugins/com.st.stm32cube.ide.mcu.externaltools.gnu-tools-for-stm32.13.3.rel1.win32_1.0.0.202411081344/tools/bin/../lib/gcc/arm-none-eabi/13.3.1/../../../../arm-none-eabi/lib/thumb/v7e-m+fp/hard\libc_nano.a(libc_a-freer.o)
 .ARM.attributes
                0x000007aa       0x34 C:/ST/STM32CubeIDE_1.18.1/STM32CubeIDE/plugins/com.st.stm32cube.ide.mcu.externaltools.gnu-tools-for-stm32.13.3.rel1.win32_1.0.0.202411081344/tools/bin/../lib/gcc/arm-none-eabi/13.3.1/../../../../arm-none-eabi/lib/thumb/v7e-m+fp/hard\libc_nano.a(libc_a-nano-svfprintf.o)
 .ARM.attributes
                0x000007de       0x34 C:/ST/STM32CubeIDE_1.18.1/STM32CubeIDE/plugins/com.st.stm32cube.ide.mcu.externaltools.gnu-tools-for-stm32.13.3.rel1.win32_1.0.0.202411081344/tools/bin/../lib/gcc/arm-none-eabi/13.3.1/../../../../arm-none-eabi/lib/thumb/v7e-m+fp/hard\libc_nano.a(libc_a-nano-vfprintf_i.o)
 .ARM.attributes
                0x00000812       0x34 C:/ST/STM32CubeIDE_1.18.1/STM32CubeIDE/plugins/com.st.stm32cube.ide.mcu.externaltools.gnu-tools-for-stm32.13.3.rel1.win32_1.0.0.202411081344/tools/bin/../lib/gcc/arm-none-eabi/13.3.1/../../../../arm-none-eabi/lib/thumb/v7e-m+fp/hard\libc_nano.a(libc_a-memmove.o)
 .ARM.attributes
                0x00000846       0x1c C:/ST/STM32CubeIDE_1.18.1/STM32CubeIDE/plugins/com.st.stm32cube.ide.mcu.externaltools.gnu-tools-for-stm32.13.3.rel1.win32_1.0.0.202411081344/tools/bin/../lib/gcc/arm-none-eabi/13.3.1/../../../../arm-none-eabi/lib/thumb/v7e-m+fp/hard\libc_nano.a(libc_a-memchr.o)
 .ARM.attributes
                0x00000862       0x34 C:/ST/STM32CubeIDE_1.18.1/STM32CubeIDE/plugins/com.st.stm32cube.ide.mcu.externaltools.gnu-tools-for-stm32.13.3.rel1.win32_1.0.0.202411081344/tools/bin/../lib/gcc/arm-none-eabi/13.3.1/../../../../arm-none-eabi/lib/thumb/v7e-m+fp/hard\libc_nano.a(libc_a-reallocr.o)
 .ARM.attributes
                0x00000896       0x34 C:/ST/STM32CubeIDE_1.18.1/STM32CubeIDE/plugins/com.st.stm32cube.ide.mcu.externaltools.gnu-tools-for-stm32.13.3.rel1.win32_1.0.0.202411081344/tools/bin/../lib/gcc/arm-none-eabi/13.3.1/../../../../arm-none-eabi/lib/thumb/v7e-m+fp/hard\libc_nano.a(libc_a-msizer.o)
 .ARM.attributes
                0x000008ca       0x22 C:/ST/STM32CubeIDE_1.18.1/STM32CubeIDE/plugins/com.st.stm32cube.ide.mcu.externaltools.gnu-tools-for-stm32.13.3.rel1.win32_1.0.0.202411081344/tools/bin/../lib/gcc/arm-none-eabi/13.3.1/thumb/v7e-m+fp/hard\libgcc.a(_aeabi_uldivmod.o)
 .ARM.attributes
                0x000008ec       0x34 C:/ST/STM32CubeIDE_1.18.1/STM32CubeIDE/plugins/com.st.stm32cube.ide.mcu.externaltools.gnu-tools-for-stm32.13.3.rel1.win32_1.0.0.202411081344/tools/bin/../lib/gcc/arm-none-eabi/13.3.1/thumb/v7e-m+fp/hard\libgcc.a(_udivmoddi4.o)
 .ARM.attributes
                0x00000920       0x22 C:/ST/STM32CubeIDE_1.18.1/STM32CubeIDE/plugins/com.st.stm32cube.ide.mcu.externaltools.gnu-tools-for-stm32.13.3.rel1.win32_1.0.0.202411081344/tools/bin/../lib/gcc/arm-none-eabi/13.3.1/thumb/v7e-m+fp/hard\libgcc.a(_dvmd_tls.o)
 .ARM.attributes
                0x00000942       0x22 C:/ST/STM32CubeIDE_1.18.1/STM32CubeIDE/plugins/com.st.stm32cube.ide.mcu.externaltools.gnu-tools-for-stm32.13.3.rel1.win32_1.0.0.202411081344/tools/bin/../lib/gcc/arm-none-eabi/13.3.1/thumb/v7e-m+fp/hard/crtn.o
OUTPUT(uds_test0.1 services.elf elf32-littlearm)
LOAD linker stubs
LOAD C:/ST/STM32CubeIDE_1.18.1/STM32CubeIDE/plugins/com.st.stm32cube.ide.mcu.externaltools.gnu-tools-for-stm32.13.3.rel1.win32_1.0.0.202411081344/tools/bin/../lib/gcc/arm-none-eabi/13.3.1/../../../../arm-none-eabi/lib/thumb/v7e-m+fp/hard\libc.a
LOAD C:/ST/STM32CubeIDE_1.18.1/STM32CubeIDE/plugins/com.st.stm32cube.ide.mcu.externaltools.gnu-tools-for-stm32.13.3.rel1.win32_1.0.0.202411081344/tools/bin/../lib/gcc/arm-none-eabi/13.3.1/../../../../arm-none-eabi/lib/thumb/v7e-m+fp/hard\libm.a
LOAD C:/ST/STM32CubeIDE_1.18.1/STM32CubeIDE/plugins/com.st.stm32cube.ide.mcu.externaltools.gnu-tools-for-stm32.13.3.rel1.win32_1.0.0.202411081344/tools/bin/../lib/gcc/arm-none-eabi/13.3.1/thumb/v7e-m+fp/hard\libgcc.a

.debug_info     0x00000000     0xf7af
 .debug_info    0x00000000     0x103f ./Core/Src/Data_Transmission_functional_unit.o
 .debug_info    0x0000103f     0x1515 ./Core/Src/Diagnostic_Communication_Management_functional_unit.o
 .debug_info    0x00002554      0x293 ./Core/Src/InputOutput_Control_functional_unit.o
 .debug_info    0x000027e7      0x2a8 ./Core/Src/Routine_functional_unit.o
 .debug_info    0x00002a8f     0x129d ./Core/Src/Stored_Data_Transmission_functional_unit.o
 .debug_info    0x00003d2c      0x7c2 ./Core/Src/Upload_Download_functional_unit.o