../Drivers/CMSIS/Include/core_cm4.h:1938:34:__NVIC_SystemReset	4	static,ignoring_inline_asm
../Core/Src/Diagnostic_Communication_Management_functional_unit.c:29:6:uds_diagnostic_session_control	24	static
../Core/Src/Diagnostic_Communication_Management_functional_unit.c:107:6:reset_default_session	8	static
../Core/Src/Diagnostic_Communication_Management_functional_unit.c:118:6:set_p2_p2_star_server_timer	4	static
../Core/Src/Diagnostic_Communication_Management_functional_unit.c:127:6:reset_s3_timer	4	static
../Core/Src/Diagnostic_Communication_Management_functional_unit.c:137:6:UDS_Timer_1ms_Tick	4	static
../Core/Src/Diagnostic_Communication_Management_functional_unit.c:157:6:reset_events	4	static
../Core/Src/Diagnostic_Communication_Management_functional_unit.c:167:6:deactivate_extended_services	4	static
../Core/Src/Diagnostic_Communication_Management_functional_unit.c:176:6:is_service_allowed	16	static
../Core/Src/Diagnostic_Communication_Management_functional_unit.c:226:6:send_positive_response_diagnostic_control	24	static
../Core/Src/Diagnostic_Communication_Management_functional_unit.c:257:6:send_negative_response_diagnostic_control	24	static
../Core/Src/Diagnostic_Communication_Management_functional_unit.c:272:6:uds_ecu_reset	24	static
../Core/Src/Diagnostic_Communication_Management_functional_unit.c:309:6:hard_reset	8	static
../Core/Src/Diagnostic_Communication_Management_functional_unit.c:313:6:key_on_off_reset	4	static
../Core/Src/Diagnostic_Communication_Management_functional_unit.c:317:6:soft_reset	4	static
../Core/Src/Diagnostic_Communication_Management_functional_unit.c:324:6:enable_rapid_power_shutdown	8	static
../Core/Src/Diagnostic_Communication_Management_functional_unit.c:329:6:disable_rapid_power_shutdown	4	static
../Core/Src/Diagnostic_Communication_Management_functional_unit.c:339:6:send_positive_response_ecu_reset	24	static
../Core/Src/Diagnostic_Communication_Management_functional_unit.c:363:6:send_negative_response_ecu_reset	24	static
../Core/Src/Diagnostic_Communication_Management_functional_unit.c:413:6:uds_security_access	16	static
../Core/Src/Diagnostic_Communication_Management_functional_unit.c:467:6:send_seed	24	static
../Core/Src/Diagnostic_Communication_Management_functional_unit.c:490:6:verify_key	16	static
../Core/Src/Diagnostic_Communication_Management_functional_unit.c:509:6:send_positive_response_security_access	24	static
../Core/Src/Diagnostic_Communication_Management_functional_unit.c:537:6:send_negative_response_security_access	24	static
../Core/Src/Diagnostic_Communication_Management_functional_unit.c:550:6:uds_communication_control	16	static
../Core/Src/Diagnostic_Communication_Management_functional_unit.c:625:6:send_positive_response_communication_control	24	static
../Core/Src/Diagnostic_Communication_Management_functional_unit.c:640:6:send_negative_response_communication_control	24	static
../Core/Src/Diagnostic_Communication_Management_functional_unit.c:658:6:uds_tester_present	24	static
../Core/Src/Diagnostic_Communication_Management_functional_unit.c:683:6:send_positive_response_tester_present	24	static
../Core/Src/Diagnostic_Communication_Management_functional_unit.c:698:6:send_negative_response_tester_present	24	static
../Core/Src/Diagnostic_Communication_Management_functional_unit.c:725:6:uds_access_timing_parameter	16	static
../Core/Src/Diagnostic_Communication_Management_functional_unit.c:757:6:read_timing_parameters	16	static
../Core/Src/Diagnostic_Communication_Management_functional_unit.c:776:6:write_timing_parameters	16	static
../Core/Src/Diagnostic_Communication_Management_functional_unit.c:785:6:send_positive_response_access_timing	24	static
../Core/Src/Diagnostic_Communication_Management_functional_unit.c:799:6:send_negative_response_access_timing	24	static
../Core/Src/Diagnostic_Communication_Management_functional_unit.c:826:6:uds_secured_data_transmission	144	static
../Core/Src/Diagnostic_Communication_Management_functional_unit.c:862:6:encrypt_data	32	static
../Core/Src/Diagnostic_Communication_Management_functional_unit.c:876:6:decrypt_data	32	static
../Core/Src/Diagnostic_Communication_Management_functional_unit.c:888:6:secured_data_send	16	static
../Core/Src/Diagnostic_Communication_Management_functional_unit.c:893:6:send_positive_response_secured_data_transmission	88	static
../Core/Src/Diagnostic_Communication_Management_functional_unit.c:908:6:send_negative_response_secured_data_transmission	24	static
../Core/Src/Diagnostic_Communication_Management_functional_unit.c:931:6:uds_control_dtc_setting	16	static
../Core/Src/Diagnostic_Communication_Management_functional_unit.c:965:6:send_positive_response_control_dtc_setting	24	static
../Core/Src/Diagnostic_Communication_Management_functional_unit.c:982:6:send_negative_response_control_dtc_setting	24	static
../Core/Src/Diagnostic_Communication_Management_functional_unit.c:1001:6:uds_response_on_event	16	static
../Core/Src/Diagnostic_Communication_Management_functional_unit.c:1035:6:stop_response_on_event	16	static
../Core/Src/Diagnostic_Communication_Management_functional_unit.c:1045:6:on_dtc_status_change	24	static
../Core/Src/Diagnostic_Communication_Management_functional_unit.c:1066:6:on_timer_interrupt	24	static
../Core/Src/Diagnostic_Communication_Management_functional_unit.c:1088:6:start_response_on_event	16	static
../Core/Src/Diagnostic_Communication_Management_functional_unit.c:1100:6:clear_response_on_event	16	static
../Core/Src/Diagnostic_Communication_Management_functional_unit.c:1112:6:send_positive_response_roe	32	static
../Core/Src/Diagnostic_Communication_Management_functional_unit.c:1132:6:send_negative_response_roe	24	static
../Core/Src/Diagnostic_Communication_Management_functional_unit.c:1151:6:uds_link_control	16	static
../Core/Src/Diagnostic_Communication_Management_functional_unit.c:1186:6:send_positive_response_link_control	24	static
../Core/Src/Diagnostic_Communication_Management_functional_unit.c:1195:6:send_negative_response_link_control	24	static
