../Core/Src/main.c:78:5:main	16	static
../Core/Src/main.c:141:6:SystemClock_Config	88	static
../Core/Src/main.c:187:13:MX_CAN1_Init	8	static
../Core/Src/main.c:224:13:MX_USART2_UART_Init	8	static
../Core/Src/main.c:257:13:MX_GPIO_Init	24	static
../Core/Src/main.c:274:6:CAN_Filter_Config	48	static
../Core/Src/main.c:295:6:UART2_Send	16	static
../Core/Src/main.c:299:6:HAL_CAN_RxFifo0MsgPendingCallback	224	static
../Core/Src/main.c:349:6:HAL_CAN_TxMailbox0CompleteCallback	72	static
../Core/Src/main.c:363:13:Error_handler	4	static,ignoring_inline_asm
