../Core/Src/Stored_Data_Transmission_functional_unit.c:15:6:uds_clear_diagnostic_information	24	static
../Core/Src/Stored_Data_Transmission_functional_unit.c:48:6:is_group_of_dtc_supported	16	static
../Core/Src/Stored_Data_Transmission_functional_unit.c:63:6:are_conditions_correct_for_dtc_clear	4	static
../Core/Src/Stored_Data_Transmission_functional_unit.c:77:6:clear_diagnostic_information	16	static
../Core/Src/Stored_Data_Transmission_functional_unit.c:89:6:send_positive_response_clear_diagnostic_information	16	static
../Core/Src/Stored_Data_Transmission_functional_unit.c:97:6:send_negative_response_clear_diagnostic_information	24	static
../Core/Src/Stored_Data_Transmission_functional_unit.c:114:6:uds_read_dtc_information	16	static
../Core/Src/Stored_Data_Transmission_functional_unit.c:203:6:send_positive_response_read_dtc_information	40	static
../Core/Src/Stored_Data_Transmission_functional_unit.c:261:6:send_negative_response_read_dtc_information	24	static
../Core/Src/Stored_Data_Transmission_functional_unit.c:271:6:report_number_of_dtc_by_status_mask	32	static
../Core/Src/Stored_Data_Transmission_functional_unit.c:317:6:report_dtc_by_status_mask	32	static
../Core/Src/Stored_Data_Transmission_functional_unit.c:368:6:report_dtc_snapshot_identification	32	static
../Core/Src/Stored_Data_Transmission_functional_unit.c:422:6:report_dtc_snapshot_record_by_dtc_number	184	static
../Core/Src/Stored_Data_Transmission_functional_unit.c:468:6:report_dtc_stored_data_by_record_number	176	static
../Core/Src/Stored_Data_Transmission_functional_unit.c:509:6:report_dtc_ext_data_record_by_dtc_number	184	static
../Core/Src/Stored_Data_Transmission_functional_unit.c:560:6:report_number_of_dtc_by_severity_mask	24	static
../Core/Src/Stored_Data_Transmission_functional_unit.c:592:6:report_dtc_by_severity_mask_record	24	static
../Core/Src/Stored_Data_Transmission_functional_unit.c:635:6:report_severity_information_of_dtc	168	static
../Core/Src/Stored_Data_Transmission_functional_unit.c:668:6:report_supported_dtc	24	static
../Core/Src/Stored_Data_Transmission_functional_unit.c:707:6:report_first_test_failed_dtc	168	static
../Core/Src/Stored_Data_Transmission_functional_unit.c:737:6:report_first_confirmed_dtc	168	static
../Core/Src/Stored_Data_Transmission_functional_unit.c:767:6:report_most_recent_test_failed_dtc	24	static
../Core/Src/Stored_Data_Transmission_functional_unit.c:803:6:report_most_recent_confirmed_dtc	24	static
../Core/Src/Stored_Data_Transmission_functional_unit.c:840:6:report_mirror_memory_dtc_by_status_mask	24	static
../Core/Src/Stored_Data_Transmission_functional_unit.c:877:6:report_mirror_memory_dtc_ext_data_record	40	static
../Core/Src/Stored_Data_Transmission_functional_unit.c:912:6:report_number_of_mirror_memory_dtc_by_status_mask	24	static
../Core/Src/Stored_Data_Transmission_functional_unit.c:946:6:report_number_of_emissions_obd_dtc_by_status_mask	168	static
../Core/Src/Stored_Data_Transmission_functional_unit.c:979:6:report_emissions_obd_dtc_by_status_mask	24	static
../Core/Src/Stored_Data_Transmission_functional_unit.c:1010:6:report_dtc_fault_detection_counter	24	static
../Core/Src/Stored_Data_Transmission_functional_unit.c:1040:6:report_dtc_with_permanent_status	24	static
../Core/Src/Stored_Data_Transmission_functional_unit.c:1069:6:report_dtc_ext_data_record_by_record_number	32	static
../Core/Src/Stored_Data_Transmission_functional_unit.c:1095:6:report_user_def_memory_dtc_by_status_mask	24	static
../Core/Src/Stored_Data_Transmission_functional_unit.c:1127:6:report_user_def_memory_dtc_snapshot_record	176	static
../Core/Src/Stored_Data_Transmission_functional_unit.c:1163:6:report_user_def_memory_dtc_ext_data_record	176	static
../Core/Src/Stored_Data_Transmission_functional_unit.c:1199:6:report_wwh_obd_dtc_by_mask_record	24	static
../Core/Src/Stored_Data_Transmission_functional_unit.c:1236:6:report_wwh_obd_dtc_with_permanent_status	24	static
../Core/Src/Stored_Data_Transmission_functional_unit.c:1272:9:get_dtc_status_availability_mask	4	static
../Core/Src/Stored_Data_Transmission_functional_unit.c:1276:9:get_dtc_format_identifier	4	static
